Archive member included to satisfy reference by file (symbol)

/opt/riscv/lib/gcc/riscv64-unknown-elf/13.2.0/../../../../riscv64-unknown-elf/lib/rv32ima_zicsr_zifencei/ilp32/libc.a(libc_a-atof.o)
                              build/m_config.o (atof)
/opt/riscv/lib/gcc/riscv64-unknown-elf/13.2.0/../../../../riscv64-unknown-elf/lib/rv32ima_zicsr_zifencei/ilp32/libc.a(libc_a-atoi.o)
                              build/d_main.o (atoi)
/opt/riscv/lib/gcc/riscv64-unknown-elf/13.2.0/../../../../riscv64-unknown-elf/lib/rv32ima_zicsr_zifencei/ilp32/libc.a(libc_a-calloc.o)
                              build/w_wad.o (calloc)
/opt/riscv/lib/gcc/riscv64-unknown-elf/13.2.0/../../../../riscv64-unknown-elf/lib/rv32ima_zicsr_zifencei/ilp32/libc.a(libc_a-callocr.o)
                              /opt/riscv/lib/gcc/riscv64-unknown-elf/13.2.0/../../../../riscv64-unknown-elf/lib/rv32ima_zicsr_zifencei/ilp32/libc.a(libc_a-calloc.o) (_calloc_r)
/opt/riscv/lib/gcc/riscv64-unknown-elf/13.2.0/../../../../riscv64-unknown-elf/lib/rv32ima_zicsr_zifencei/ilp32/libc.a(libc_a-exit.o)
                              /opt/riscv/lib/gcc/riscv64-unknown-elf/13.2.0/../../../../riscv64-unknown-elf/lib/rv32ima_zicsr_zifencei/ilp32/crt0.o (exit)
/opt/riscv/lib/gcc/riscv64-unknown-elf/13.2.0/../../../../riscv64-unknown-elf/lib/rv32ima_zicsr_zifencei/ilp32/libc.a(libc_a-malloc.o)
                              build/d_iwad.o (malloc)
/opt/riscv/lib/gcc/riscv64-unknown-elf/13.2.0/../../../../riscv64-unknown-elf/lib/rv32ima_zicsr_zifencei/ilp32/libc.a(libc_a-mallocr.o)
                              /opt/riscv/lib/gcc/riscv64-unknown-elf/13.2.0/../../../../riscv64-unknown-elf/lib/rv32ima_zicsr_zifencei/ilp32/libc.a(libc_a-callocr.o) (_malloc_r)
/opt/riscv/lib/gcc/riscv64-unknown-elf/13.2.0/../../../../riscv64-unknown-elf/lib/rv32ima_zicsr_zifencei/ilp32/libc.a(libc_a-mlock.o)
                              /opt/riscv/lib/gcc/riscv64-unknown-elf/13.2.0/../../../../riscv64-unknown-elf/lib/rv32ima_zicsr_zifencei/ilp32/libc.a(libc_a-mallocr.o) (__malloc_lock)
/opt/riscv/lib/gcc/riscv64-unknown-elf/13.2.0/../../../../riscv64-unknown-elf/lib/rv32ima_zicsr_zifencei/ilp32/libc.a(libc_a-realloc.o)
                              build/w_checksum.o (realloc)
/opt/riscv/lib/gcc/riscv64-unknown-elf/13.2.0/../../../../riscv64-unknown-elf/lib/rv32ima_zicsr_zifencei/ilp32/libc.a(libc_a-reallocr.o)
                              /opt/riscv/lib/gcc/riscv64-unknown-elf/13.2.0/../../../../riscv64-unknown-elf/lib/rv32ima_zicsr_zifencei/ilp32/libc.a(libc_a-realloc.o) (_realloc_r)
/opt/riscv/lib/gcc/riscv64-unknown-elf/13.2.0/../../../../riscv64-unknown-elf/lib/rv32ima_zicsr_zifencei/ilp32/libc.a(libc_a-strtod.o)
                              /opt/riscv/lib/gcc/riscv64-unknown-elf/13.2.0/../../../../riscv64-unknown-elf/lib/rv32ima_zicsr_zifencei/ilp32/libc.a(libc_a-atof.o) (strtod)
/opt/riscv/lib/gcc/riscv64-unknown-elf/13.2.0/../../../../riscv64-unknown-elf/lib/rv32ima_zicsr_zifencei/ilp32/libc.a(libc_a-strtol.o)
                              /opt/riscv/lib/gcc/riscv64-unknown-elf/13.2.0/../../../../riscv64-unknown-elf/lib/rv32ima_zicsr_zifencei/ilp32/libc.a(libc_a-atoi.o) (_strtol_r)
/opt/riscv/lib/gcc/riscv64-unknown-elf/13.2.0/../../../../riscv64-unknown-elf/lib/rv32ima_zicsr_zifencei/ilp32/libc.a(libc_a-system.o)
                              build/i_system.o (system)
/opt/riscv/lib/gcc/riscv64-unknown-elf/13.2.0/../../../../riscv64-unknown-elf/lib/rv32ima_zicsr_zifencei/ilp32/libc.a(libc_a-ctype_.o)
                              build/f_finale.o (_ctype_)
/opt/riscv/lib/gcc/riscv64-unknown-elf/13.2.0/../../../../riscv64-unknown-elf/lib/rv32ima_zicsr_zifencei/ilp32/libc.a(libc_a-vfprintf.o)
                              build/i_system.o (vfprintf)
/opt/riscv/lib/gcc/riscv64-unknown-elf/13.2.0/../../../../riscv64-unknown-elf/lib/rv32ima_zicsr_zifencei/ilp32/libc.a(libc_a-sprint_r.o)
                              /opt/riscv/lib/gcc/riscv64-unknown-elf/13.2.0/../../../../riscv64-unknown-elf/lib/rv32ima_zicsr_zifencei/ilp32/libc.a(libc_a-vfprintf.o) (__sprint_r)
/opt/riscv/lib/gcc/riscv64-unknown-elf/13.2.0/../../../../riscv64-unknown-elf/lib/rv32ima_zicsr_zifencei/ilp32/libc.a(libc_a-fclose.o)
                              build/g_game.o (fclose)
/opt/riscv/lib/gcc/riscv64-unknown-elf/13.2.0/../../../../riscv64-unknown-elf/lib/rv32ima_zicsr_zifencei/ilp32/libc.a(libc_a-fflush.o)
                              /opt/riscv/lib/gcc/riscv64-unknown-elf/13.2.0/../../../../riscv64-unknown-elf/lib/rv32ima_zicsr_zifencei/ilp32/libc.a(libc_a-fclose.o) (__sflush_r)
/opt/riscv/lib/gcc/riscv64-unknown-elf/13.2.0/../../../../riscv64-unknown-elf/lib/rv32ima_zicsr_zifencei/ilp32/libc.a(libc_a-findfp.o)
                              /opt/riscv/lib/gcc/riscv64-unknown-elf/13.2.0/../../../../riscv64-unknown-elf/lib/rv32ima_zicsr_zifencei/ilp32/libc.a(libc_a-fflush.o) (__sglue)
[...]
Memory Configuration

Name             Origin             Length             Attributes
*default*        0x00000000         0xffffffff

Linker script and memory map

LOAD /opt/riscv/lib/gcc/riscv64-unknown-elf/13.2.0/../../../../riscv64-unknown-elf/lib/rv32ima_zicsr_zifencei/ilp32/crt0.o
LOAD /opt/riscv/lib/gcc/riscv64-unknown-elf/13.2.0/rv32ima_zicsr_zifencei/ilp32/crtbegin.o
LOAD build/dummy.o
LOAD build/am_map.o
LOAD build/doomdef.o
LOAD build/doomstat.o
LOAD build/dstrings.o
LOAD build/d_event.o
LOAD build/d_items.o
LOAD build/d_iwad.o
LOAD build/d_loop.o
LOAD build/d_main.o
LOAD build/d_mode.o
LOAD build/d_net.o
LOAD build/f_finale.o
LOAD build/f_wipe.o
LOAD build/g_game.o
LOAD build/hu_lib.o
LOAD build/hu_stuff.o
LOAD build/info.o
LOAD build/i_cdmus.o
LOAD build/i_endoom.o
LOAD build/i_joystick.o
LOAD build/i_scale.o
LOAD build/i_sound.o
LOAD build/i_system.o
LOAD build/i_timer.o
LOAD build/memio.o
LOAD build/m_argv.o
LOAD build/m_bbox.o
LOAD build/m_cheat.o
LOAD build/m_config.o
LOAD build/m_controls.o
LOAD build/m_fixed.o
LOAD build/m_menu.o
LOAD build/m_misc.o
LOAD build/m_random.o
LOAD build/p_ceilng.o
LOAD build/p_doors.o
LOAD build/p_enemy.o
LOAD build/p_floor.o
LOAD build/p_inter.o
LOAD build/p_lights.o
LOAD build/p_map.o
LOAD build/p_maputl.o
LOAD build/p_mobj.o
LOAD build/p_plats.o
LOAD build/p_pspr.o
LOAD build/p_saveg.o
LOAD build/p_setup.o
LOAD build/p_sight.o
LOAD build/p_spec.o
LOAD build/p_switch.o
LOAD build/p_telept.o
LOAD build/p_tick.o
LOAD build/p_user.o
LOAD build/r_bsp.o
LOAD build/r_data.o
LOAD build/r_draw.o
LOAD build/r_main.o
LOAD build/r_plane.o
LOAD build/r_segs.o
LOAD build/r_sky.o
LOAD build/r_things.o
LOAD build/sha1.o
LOAD build/sounds.o
LOAD build/statdump.o
LOAD build/st_lib.o
LOAD build/st_stuff.o
LOAD build/s_sound.o
LOAD build/tables.o
LOAD build/v_video.o
LOAD build/wi_stuff.o
LOAD build/w_checksum.o
LOAD build/w_file.o
LOAD build/w_main.o
LOAD build/w_wad.o
LOAD build/z_zone.o
LOAD build/w_file_stdc.o
LOAD build/i_input.o
LOAD build/i_video.o
LOAD build/doomgeneric.o
LOAD build/doomgeneric_riscvbox.o
LOAD /opt/riscv/lib/gcc/riscv64-unknown-elf/13.2.0/../../../../riscv64-unknown-elf/lib/rv32ima_zicsr_zifencei/ilp32/libm.a
LOAD /opt/riscv/lib/gcc/riscv64-unknown-elf/13.2.0/../../../../riscv64-unknown-elf/lib/rv32ima_zicsr_zifencei/ilp32/libc.a
LOAD /opt/riscv/lib/gcc/riscv64-unknown-elf/13.2.0/rv32ima_zicsr_zifencei/ilp32/libgcc.a
LOAD /opt/riscv/lib/gcc/riscv64-unknown-elf/13.2.0/../../../../riscv64-unknown-elf/lib/rv32ima_zicsr_zifencei/ilp32/libc.a
LOAD /opt/riscv/lib/gcc/riscv64-unknown-elf/13.2.0/rv32ima_zicsr_zifencei/ilp32/libgcc.a
START GROUP
LOAD /opt/riscv/lib/gcc/riscv64-unknown-elf/13.2.0/../../../../riscv64-unknown-elf/lib/rv32ima_zicsr_zifencei/ilp32/libc.a
LOAD /opt/riscv/lib/gcc/riscv64-unknown-elf/13.2.0/../../../../riscv64-unknown-elf/lib/rv32ima_zicsr_zifencei/ilp32/libgloss.a
END GROUP
LOAD /opt/riscv/lib/gcc/riscv64-unknown-elf/13.2.0/rv32ima_zicsr_zifencei/ilp32/libgcc.a
LOAD /opt/riscv/lib/gcc/riscv64-unknown-elf/13.2.0/rv32ima_zicsr_zifencei/ilp32/crtend.o
                [!provide]                        PROVIDE (__executable_start = SEGMENT_START ("text-segment", 0x10000))
                0x00010094                        . = (SEGMENT_START ("text-segment", 0x10000) + SIZEOF_HEADERS)

.interp
 *(.interp)

.note.gnu.build-id
 *(.note.gnu.build-id)

.hash
 *(.hash)

.gnu.hash
 *(.gnu.hash)

.dynsym
 *(.dynsym)

.dynstr
 *(.dynstr)

.gnu.version
 *(.gnu.version)

.gnu.version_d
 *(.gnu.version_d)

.gnu.version_r
 *(.gnu.version_r)

.rela.dyn       0x00010094        0x0
 *(.rela.init)
 *(.rela.text .rela.text.* .rela.gnu.linkonce.t.*)
 .rela.text     0x00010094        0x0 /opt/riscv/lib/gcc/riscv64-unknown-elf/13.2.0/../../../../riscv64-unknown-elf/lib/rv32ima_zicsr_zifencei/ilp32/crt0.o
 .rela.text.__libc_init_array
                0x00010094        0x0 /opt/riscv/lib/gcc/riscv64-unknown-elf/13.2.0/../../../../riscv64-unknown-elf/lib/rv32ima_zicsr_zifencei/ilp32/crt0.o
 .rela.text.startup.register_fini
                0x00010094        0x0 /opt/riscv/lib/gcc/riscv64-unknown-elf/13.2.0/../../../../riscv64-unknown-elf/lib/rv32ima_zicsr_zifencei/ilp32/crt0.o
 .rela.text.__libc_fini_array
                0x00010094        0x0 /opt/riscv/lib/gcc/riscv64-unknown-elf/13.2.0/../../../../riscv64-unknown-elf/lib/rv32ima_zicsr_zifencei/ilp32/crt0.o
 *(.rela.fini)
 *(.rela.rodata .rela.rodata.* .rela.gnu.linkonce.r.*)
 *(.rela.data .rela.data.* .rela.gnu.linkonce.d.*)
 *(.rela.tdata .rela.tdata.* .rela.gnu.linkonce.td.*)
 *(.rela.tbss .rela.tbss.* .rela.gnu.linkonce.tb.*)
 *(.rela.ctors)
 *(.rela.dtors)
 *(.rela.got)
 *(.rela.sdata .rela.sdata.* .rela.gnu.linkonce.s.*)
 *(.rela.sbss .rela.sbss.* .rela.gnu.linkonce.sb.*)
 *(.rela.sdata2 .rela.sdata2.* .rela.gnu.linkonce.s2.*)
 *(.rela.sbss2 .rela.sbss2.* .rela.gnu.linkonce.sb2.*)
 *(.rela.bss .rela.bss.* .rela.gnu.linkonce.b.*)
 *(.rela.ifunc)

.rela.plt       0x00010094        0x0
 *(.rela.plt)
                [!provide]                        PROVIDE (__rela_iplt_start = .)
 *(.rela.iplt)
                [!provide]                        PROVIDE (__rela_iplt_end = .)

.init
 *(SORT_NONE(.init))

.plt
 *(.plt)
 *(.iplt)

.text           0x00010094    0x61928
 *(.text.unlikely .text.*_unlikely .text.unlikely.*)
 *(.text.exit .text.exit.*)
 .text.exit     0x00010094       0x2c /opt/riscv/lib/gcc/riscv64-unknown-elf/13.2.0/../../../../riscv64-unknown-elf/lib/rv32ima_zicsr_zifencei/ilp32/libc.a(libc_a-exit.o)
                0x00010094                exit
 *(.text.startup .text.startup.*)
 .text.startup  0x000100c0       0x14 build/doomgeneric_riscvbox.o
                0x000100c0                main
 .text.startup.register_fini
                0x000100d4       0x18 /opt/riscv/lib/gcc/riscv64-unknown-elf/13.2.0/../../../../riscv64-unknown-elf/lib/rv32ima_zicsr_zifencei/ilp32/libc.a(libc_a-__call_atexit.o)
 *(.text.hot .text.hot.*)
 *(SORT_BY_NAME(.text.sorted.*))
 *(.text .stub .text.* .gnu.linkonce.t.*)
 .text          0x000100ec       0x50 /opt/riscv/lib/gcc/riscv64-unknown-elf/13.2.0/../../../../riscv64-unknown-elf/lib/rv32ima_zicsr_zifencei/ilp32/crt0.o
                0x000100ec                _start
 .text          0x0001013c       0x64 /opt/riscv/lib/gcc/riscv64-unknown-elf/13.2.0/rv32ima_zicsr_zifencei/ilp32/crtbegin.o
 .text          0x000101a0     0x2e2c build/am_map.o
                0x000101a0                AM_getIslope
                0x00010278                AM_activateNewScale
                0x00010358                AM_saveScaleAndLoc
                0x0001037c                AM_restoreScaleAndLoc
                0x0001041c                AM_addMark
                0x00010478                AM_findMinMaxBoundaries
                0x000105e8                AM_changeWindowLoc
                0x00010694                AM_initVariables
                0x0001082c                AM_loadPics
                0x000108a0                AM_unloadPics
                0x000108fc                AM_clearMarks
                0x00010934                AM_LevelInit
                0x000109d4                AM_Stop
                0x00010a48                AM_Start
                0x00010b54                AM_minOutWindowScale
                0x00010b7c                AM_maxOutWindowScale
                0x00010ba4                AM_Responder
                0x00010fbc                AM_changeWindowScale
                0x00011024                AM_doFollowPlayer
                0x00011130                AM_updateLightLev
                0x00011188                AM_Ticker
                0x00011218                AM_clearFB
                0x00011230                AM_clipMline
                0x000116b4                AM_drawFline
                0x00011ad8                AM_drawMline
                0x00011cf8                AM_drawGrid
                0x00011ea4                AM_drawWalls
                0x000120f8                AM_rotate
                0x000121b8                AM_drawLineCharacter
                0x00012634                AM_drawPlayers
                0x00012ab4                AM_drawThings
                0x00012dbc                AM_drawMarks
                0x00012ed8                AM_drawCrosshair
                0x00012f04                AM_Drawer
 .text          0x00012fcc       0xa8 build/d_event.o
                0x00012fcc                D_PostEvent
                0x0001302c                D_PopEvent
 .text          0x00013074      0xbcc build/d_iwad.o
                0x00013248                D_FindWADByName
                0x00013288                D_TryFindWADByName
                0x000132d4                D_FindIWAD
                0x00013570                D_FindAllIWADs
                0x00013934                D_SaveGameIWADName
                0x000139dc                D_SuggestIWADName
                0x00013ae0                D_SuggestGameName
 .text          0x00013c40      0xaf0 build/d_loop.o
                0x00013c40                D_QuitNetGame
                0x00013d64                NetUpdate
                0x00013e28                D_ReceiveTic
                0x00014008                D_StartGameLoop
                0x00014068                D_StartNetGame
                0x00014094                D_InitNetGame
                0x000140d0                TryRunTics
                0x00014728                D_RegisterLoopCallbacks
 .text          0x00014730     0x19b4 build/d_main.o
                0x00014730                D_GrabMouseCallback
                0x00014b94                D_ProcessEvents
                0x00014be8                D_Display
                0x00014bf8                D_BindVariables
                0x00014d5c                doomgeneric_Tick
                0x00014db8                D_DoomLoop
                0x00014ea4                D_PageTicker
                0x00014ec4                D_PageDrawer
                0x00014ef0                D_AdvanceDemo
                0x00014efc                D_DoAdvanceDemo
                0x000150c4                D_StartTitle
                0x000150dc                D_IdentifyVersion
                0x00015340                D_SetGameDescription
                0x00015464                PrintDehackedBanners
                0x00015468                PrintGameVersion
                0x00015528                D_DoomMain
 .text          0x000160e4      0x3e4 build/d_mode.o
                0x000160e4                D_ValidGameMode
                0x00016164                D_ValidEpisodeMap
                0x000162b8                D_GetNumEpisodes
                0x000163e8                D_ValidGameVersion
                0x0001647c                D_IsEpisodeMap
                0x0001649c                D_GameMissionString
 .text          0x000164c8      0x5ac build/d_net.o
                0x00016730                D_ConnectNetGame
                0x00016818                D_CheckNetGame
 .text          0x00016a74     0x16ac build/f_finale.o
                0x00016a74                F_StartFinale
                0x00016c90                F_Responder
                0x00016d4c                F_Ticker
                0x00017350                F_TextWrite
                0x00017514                F_StartCast
                0x00017588                F_CastTicker
                0x00017a1c                F_CastResponder
                0x00017ac8                F_CastPrint
                0x00017c74                F_CastDrawer
                0x00017d38                F_DrawPatchCol
                0x00017dd4                F_BunnyScroll
                0x00018078                F_Drawer
 .text          0x00018120      0x7ec build/f_wipe.o
                0x00018120                wipe_doColorXForm
                0x0001818c                wipe_exitColorXForm
                0x00018194                wipe_doMelt
                0x00018328                wipe_initColorXForm
                0x00018350                wipe_exitMelt
                0x00018380                wipe_initMelt
                0x00018698                wipe_shittyColMajorXform
                0x00018764                wipe_StartScreen
                0x00018798                wipe_EndScreen
                0x00018814                wipe_ScreenWipe
 .text          0x0001890c     0x3b80 build/g_game.o
                0x0001890c                G_CmdChecksum
                0x00018924                G_BuildTiccmd
                0x0001938c                G_DoLoadLevel
                0x00019548                G_Responder
                0x00019a24                G_PlayerFinishLevel
                0x00019aac                G_PlayerReborn
                0x00019bfc                G_InitPlayer
                0x00019c00                G_CheckSpot
                0x0001a00c                G_DeathMatchSpawnPlayer
                0x0001a0f8                G_DoReborn
                0x0001a2e4                G_ScreenShot
                0x0001a2f0                G_ExitLevel
                0x0001a300                G_SecretExitLevel
                0x0001a354                G_DoCompleted
                0x0001a8e0                G_WorldDone
                0x0001a95c                G_DoWorldDone
                0x0001a994                G_LoadGame
                0x0001a9c4                G_SaveGame
                0x0001a9f8                G_DoSaveGame
                0x0001abc0                G_DeferedInitNew
                0x0001abd8                G_InitNew
                0x0001af64                G_DoLoadGame
                0x0001b058                G_DoNewGame
                0x0001b0b4                G_RecordDemo
                0x0001b174                G_VanillaVersionCode
                0x0001b1cc                G_BeginRecording
                0x0001b36c                G_DeferedPlayDemo
                0x0001b37c                G_DoPlayDemo
                0x0001b5fc                G_TimeDemo
                0x0001b644                G_CheckDemoStatus
                0x0001b7dc                G_ReadDemoTiccmd
                0x0001b87c                G_WriteDemoTiccmd
                0x0001b9d8                G_Ticker
 .text          0x0001c48c      0xe48 build/hu_lib.o
                0x0001c48c                HUlib_init
                0x0001c490                HUlib_clearTextLine
                0x0001c4a4                HUlib_initTextLine
                0x0001c4c8                HUlib_addCharToTextLine
                0x0001c504                HUlib_delCharFromTextLine
                0x0001c534                HUlib_drawTextLine
                0x0001c6c0                HUlib_eraseTextLine
                0x0001c814                HUlib_initSText
                0x0001c8e8                HUlib_addLineToSText
                0x0001c954                HUlib_addMessageToSText
                0x0001caa4                HUlib_drawSText
                0x0001cb20                HUlib_eraseSText
                0x0001cf08                HUlib_initIText
                0x0001cf38                HUlib_delCharFromIText
                0x0001cf68                HUlib_eraseLineFromIText
                0x0001cf9c                HUlib_resetIText
                0x0001cfb4                HUlib_addPrefixToIText
                0x0001d028                HUlib_keyInIText
                0x0001d0d4                HUlib_drawIText
                0x0001d0ec                HUlib_eraseIText
 .text          0x0001d2d4      0xf14 build/hu_stuff.o
                0x0001d2d4                HU_Init
                0x0001d34c                HU_Stop
                0x0001d354                HU_Start
                0x0001d5cc                HU_Drawer
                0x0001d620                HU_Erase
                0x0001d658                HU_Ticker
                0x0001db08                HU_queueChatChar
                0x0001db48                HU_dequeueChatChar
                0x0001db78                HU_Responder
 .text          0x0001e1e8        0x4 build/i_endoom.o
                0x0001e1e8                I_Endoom
 .text          0x0001e1ec      0x100 build/i_joystick.o
                0x0001e1ec                I_ShutdownJoystick
                0x0001e1f0                I_InitJoystick
                0x0001e1f4                I_UpdateJoystick
                0x0001e1f8                I_BindJoystickVariables
 .text          0x0001e2ec      0x270 build/i_sound.o
                0x0001e2ec                I_InitSound
                0x0001e354                I_ShutdownSound
                0x0001e368                I_GetSfxLumpNum
                0x0001e380                I_UpdateSound
                0x0001e394                I_UpdateSoundParams
                0x0001e3e4                I_StartSound
                0x0001e438                I_StopSound
                0x0001e44c                I_SoundIsPlaying
                0x0001e464                I_PrecacheSounds
                0x0001e47c                I_InitMusic
                0x0001e480                I_ShutdownMusic
                0x0001e484                I_SetMusicVolume
                0x0001e488                I_PauseSong
                0x0001e48c                I_ResumeSong
                0x0001e490                I_RegisterSong
                0x0001e498                I_UnRegisterSong
                0x0001e49c                I_PlaySong
                0x0001e4a0                I_StopSong
                0x0001e4a4                I_MusicIsPlaying
                0x0001e4ac                I_BindSoundVariables
 .text          0x0001e55c      0x6b4 build/i_system.o
                0x0001e55c                I_AtExit
                0x0001e5a4                I_Tactile
                0x0001e5a8                I_PrintBanner
                0x0001e604                I_PrintDivider
                0x0001e638                I_PrintStartupBanner
                0x0001e6f4                I_ConsoleStdout
                0x0001e6fc                I_Quit
                0x0001e730                I_Error
                0x0001e93c                I_ZoneBase
                0x0001e9ec                I_GetMemoryValue
 .text          0x0001ec10       0x98 build/i_timer.o
                0x0001ec10                I_GetTicks
                0x0001ec14                I_GetTime
                0x0001ec64                I_GetTimeMS
                0x0001ec9c                I_Sleep
                0x0001eca0                I_WaitVBL
                0x0001eca4                I_InitTimer
 .text          0x0001eca8      0x220 build/m_argv.o
                0x0001eca8                M_CheckParmWithArgs
                0x0001ed4c                M_ParmExists
                0x0001ede8                M_CheckParm
                0x0001ee88                M_FindResponseFile
                0x0001ee8c                M_GetExecutableName
 .text          0x0001eec8       0x5c build/m_bbox.o
                0x0001eec8                M_ClearBox
                0x0001eee4                M_AddToBox
 .text          0x0001ef24       0xf4 build/m_cheat.o
                0x0001ef24                cht_CheckCheat
                0x0001f004                cht_GetParam
 .text          0x0001f018      0x5f8 build/m_config.o
                0x0001f0f0                M_SetConfigFilenames
                0x0001f0fc                M_SaveDefaults
                0x0001f100                M_SaveDefaultsAlternate
                0x0001f104                M_LoadDefaults
                0x0001f1ec                M_BindVariable
                0x0001f2d8                M_SetVariable
                0x0001f450                M_GetIntVariable
                0x0001f4a0                M_GetStrVariable
                0x0001f4e8                M_GetFloatVariable
                0x0001f544                M_SetConfigDir
                0x0001f5a8                M_GetSaveGameDir
 .text          0x0001f610      0x86c build/m_controls.o
                0x0001f610                M_BindBaseControls
                0x0001f7d0                M_BindHereticControls
                0x0001f870                M_BindHexenControls
                0x0001f930                M_BindStrifeControls
                0x0001fa90                M_BindWeaponControls
                0x0001fb80                M_BindMapControls
                0x0001fc50                M_BindMenuControls
                0x0001fdf0                M_BindChatControls
                0x0001fe78                M_ApplyPlatformDefaults
 .text          0x0001fe7c       0x80 build/m_fixed.o
                0x0001fe7c                FixedMul
                0x0001fe94                FixedDiv
 .text          0x0001fefc     0x3090 build/m_menu.o
                0x0001fefc                M_Sound
                0x0001ff14                M_Options
                0x0001ff30                M_ChangeMessages
                0x0001ff84                M_ReadThis
                0x0001ffa0                M_FinishReadThis
                0x0001ffbc                M_DrawReadThis2
                0x0001fff4                M_DrawMainMenu
                0x00020024                M_DrawNewGame
                0x00020074                M_DrawEpisode
                0x000200a4                M_LoadSelect
                0x000200d8                M_SaveSelect
                0x00020150                M_QuitDOOM
                0x000201f4                M_DrawReadThis1
                0x000202e4                M_SfxVol
                0x00020328                M_MusicVol
                0x0002036c                M_SizeDisplay
                0x000203cc                M_ChangeSensitivity
                0x00020408                M_ChangeDetail
                0x000204a4                M_QuickSaveResponse
                0x00020518                M_VerifyNightmare
                0x00020550                M_ChooseSkill
                0x000205bc                M_EndGameResponse
                0x000205dc                M_NewGame
                0x00020668                M_Episode
                0x0002073c                M_ReadThis2
                0x0002078c                M_DrawOptions
                0x00020abc                M_DrawSound
                0x00020b24                M_EndGame
                0x00020b9c                M_QuickLoadResponse
                0x00020be8                M_QuitResponse
                0x00020c6c                M_DrawLoad
                0x00020e88                M_DrawSave
                0x000211fc                M_ReadSaveStrings
                0x000212e8                M_LoadGame
                0x00021338                M_SaveGame
                0x00021394                M_DrawSaveLoadBorder
                0x0002143c                M_DoSave
                0x0002148c                M_QuickSave
                0x000215a4                M_QuickLoad
                0x0002165c                M_DrawThermo
                0x00021778                M_DrawEmptyCell
                0x000217d0                M_DrawSelCell
                0x00021828                M_StartMessage
                0x0002184c                M_StopMessage
                0x0002185c                M_StringWidth
                0x0002191c                M_StringHeight
                0x000219b0                M_WriteText
                0x00021ae4                M_Responder
                0x000229f0                M_StartControlPanel
                0x00022a1c                M_Drawer
                0x00022e8c                M_ClearMenus
                0x00022e94                M_SetupNextMenu
                0x00022ea4                M_Ticker
                0x00022ed8                M_Init
 .text          0x00022f8c      0xbf8 build/m_misc.o
                0x00022f8c                M_MakeDirectory
                0x00022f98                M_FileExists
                0x00022fe0                M_FileLength
                0x00023044                M_WriteFile
                0x000230d0                M_ReadFile
                0x000231c8                M_StrToInt
                0x0002327c                M_ExtractFileBase
                0x000234bc                M_ForceUppercase
                0x0002350c                M_StrCaseStr
                0x000235f0                M_StringDuplicate
                0x00023644                M_StringReplace
                0x00023788                M_StringCopy
                0x000237e8                M_StringConcat
                0x00023864                M_StringStartsWith
                0x000238dc                M_StringEndsWith
                0x00023954                M_StringJoin
                0x00023a8c                M_TempFile
                0x00023aa8                M_vsnprintf
                0x00023af8                M_snprintf
 .text          0x00023b84       0x54 build/m_random.o
                0x00023b84                P_Random
                0x00023ba8                M_Random
                0x00023bcc                M_ClearRandom
 .text          0x00023bd8      0x5f0 build/p_ceilng.o
                0x00023bd8                T_MoveCeiling
                0x00023e48                EV_DoCeiling
                0x0002407c                P_AddActiveCeiling
                0x000240bc                P_RemoveActiveCeiling
                0x00024124                P_ActivateInStasisCeiling
                0x00024174                EV_CeilingCrushStop
 .text          0x000241c8      0xa70 build/p_doors.o
                0x000241c8                T_VerticalDoor
                0x000243f0                EV_DoDoor
                0x00024724                EV_DoLockedDoor
                0x0002480c                EV_VerticalDoor
                0x00024b30                P_SpawnDoorCloseIn30
                0x00024ba0                P_SpawnDoorRaiseIn5Mins
 .text          0x00024c38     0x3fdc build/p_enemy.o
                0x00024c38                PIT_VileCheck
                0x00024ee8                P_RecursiveSound
                0x000250cc                P_NoiseAlert
                0x000251f0                P_CheckMeleeRange
                0x0002527c                P_CheckMissileRange
                0x000253a0                P_Move
                0x0002554c                P_TryWalk
                0x000256f0                P_NewChaseDir
                0x00025cd0                P_LookForPlayers
                0x00025f00                A_KeenDie
                0x00025f7c                A_Look
                0x00026090                A_Chase
                0x000264ec                A_FaceTarget
                0x00026584                A_PosAttack
                0x00026684                A_SPosAttack
                0x000267b0                A_CPosAttack
                0x000268bc                A_CPosRefire
                0x000269ac                A_SpidRefire
                0x00026a9c                A_BspiAttack
                0x00026b48                A_TroopAttack
                0x00026c80                A_SargAttack
                0x00026d88                A_HeadAttack
                0x00026eac                A_CyberAttack
                0x00026f58                A_BruisAttack
                0x0002703c                A_SkelMissile
                0x0002711c                A_Tracer
                0x000272f4                A_SkelWhoosh
                0x0002739c                A_SkelFist
                0x000274bc                A_VileChase
                0x000276b0                A_VileStart
                0x000276b8                A_StartFire
                0x0002778c                A_FireCrackle
                0x00027860                A_Fire
                0x0002792c                A_VileTarget
                0x000279e0                A_VileAttack
                0x00027b64                A_FatRaise
                0x00027c08                A_FatAttack1
                0x00027d30                A_FatAttack2
                0x00027e54                A_FatAttack3
                0x00027fdc                A_SkullAttack
                0x00028238                A_PainShootSkull
                0x00028290                A_PainAttack
                0x00028384                A_PainDie
                0x000284f8                A_Scream
                0x00028594                A_XScream
                0x0002859c                A_Pain
                0x000285b0                A_Fall
                0x000285c0                A_Explode
                0x000285cc                A_BossDeath
                0x000287e8                A_Hoof
                0x00028814                A_Metal
                0x00028840                A_BabyMetal
                0x0002886c                A_OpenShotgun2
                0x00028878                A_LoadShotgun2
                0x00028884                A_CloseShotgun2
                0x000288c4                A_BrainAwake
                0x00028944                A_BrainPain
                0x00028950                A_BrainScream
                0x00028a28                A_BrainExplode
                0x00028acc                A_BrainDie
                0x00028ad0                A_BrainSpit
                0x00028b90                A_SpawnSound
                0x00028bdc                A_SpawnFly
                0x00028bf4                A_PlayerScream
 .text          0x00028c14      0xdf8 build/p_floor.o
                0x00028c14                T_MoveFloor
                0x00028e8c                T_MovePlane
                0x00029078                EV_DoFloor
                0x00029824                EV_BuildStairs
 .text          0x00029a0c     0x1488 build/p_inter.o
                0x00029a0c                P_GiveAmmo
                0x00029b80                P_GiveWeapon
                0x00029d04                P_GiveBody
                0x00029d50                P_GiveArmor
                0x00029d78                P_GiveCard
                0x00029d9c                P_GivePower
                0x00029e6c                P_TouchSpecialThing
                0x0002a8b8                P_KillMobj
                0x0002ab04                P_DamageMobj
 .text          0x0002ae94      0x6e0 build/p_lights.o
                0x0002ae94                T_StrobeFlash
                0x0002aed8                T_Glow
                0x0002af4c                T_FireFlicker
                0x0002afbc                T_LightFlash
                0x0002b044                P_SpawnFireFlicker
                0x0002b0b8                P_SpawnLightFlash
                0x0002b144                P_SpawnStrobeFlash
                0x0002b21c                EV_StartLightStrobing
                0x0002b334                EV_TurnTagLightsOff
                0x0002b40c                EV_LightTurnOn
                0x0002b500                P_SpawnGlowingLight
 .text          0x0002b574     0x1b98 build/p_map.o
                0x0002b574                PIT_StompThing
                0x0002b620                PIT_CheckLine
                0x0002b858                PIT_CheckThing
                0x0002ba7c                PTR_SlideTraverse
                0x0002bb5c                PTR_AimTraverse
                0x0002bd5c                PTR_ShootTraverse
                0x0002c0e8                PTR_UseTraverse
                0x0002c17c                PIT_RadiusAttack
                0x0002c378                P_TeleportMove
                0x0002c528                P_CheckPosition
                0x0002c740                PIT_ChangeSector
                0x0002c8bc                P_TryMove
                0x0002ca88                P_ThingHeightClip
                0x0002cb0c                P_HitSlideLine
                0x0002cb30                P_SlideMove
                0x0002cdf4                P_AimLineAttack
                0x0002cec0                P_LineAttack
                0x0002cf48                P_UseLines
                0x0002cfa0                P_RadiusAttack
                0x0002d064                P_ChangeSector
 .text          0x0002d10c     0x178c build/p_maputl.o
                0x0002d10c                P_AproxDistance
                0x0002d144                P_PointOnLineSide
                0x0002d1f4                P_BoxOnLineSide
                0x0002d410                P_PointOnDivlineSide
                0x0002d4f0                P_MakeDivline
                0x0002d518                P_InterceptVector
                0x0002d5dc                P_LineOpening
                0x0002d64c                P_UnsetThingPosition
                0x0002d704                P_SetThingPosition
                0x0002d7e0                P_BlockLinesIterator
                0x0002d8cc                P_BlockThingsIterator
                0x0002d960                PIT_AddLineIntercepts
                0x0002deb0                PIT_AddThingIntercepts
                0x0002e2c0                P_TraverseIntercepts
                0x0002e3cc                P_PathTraverse
 .text          0x0002e898     0x1ca8 build/p_mobj.o
                0x0002e898                P_SpawnMobj
                0x0002ea38                P_RemoveMobj
                0x0002eb08                P_SetMobjState
                0x0002ebd4                P_NightmareRespawn
                0x0002ed18                P_ExplodeMissile
                0x0002ee48                P_ZMovement
                0x0002f0e0                P_XYMovement
                0x0002f508                P_MobjThinker
                0x0002f688                P_RespawnSpecials
                0x0002f838                P_SpawnPlayer
                0x0002fa2c                P_SpawnMapThing
                0x0002fdf0                P_SpawnPuff
                0x0002ff18                P_SpawnBlood
                0x000300c4                P_CheckMissileSpawn
                0x0003015c                P_SubstNullMobj
                0x00030184                P_SpawnMissile
                0x00030344                P_SpawnPlayerMissile
 .text          0x00030540      0x6a8 build/p_plats.o
                0x00030540                T_PlatRaise
                0x00030770                EV_DoPlat
                0x00030a80                P_ActivateInStasis
                0x00030ad0                EV_StopPlat
                0x00030b1c                P_AddActivePlat
                0x00030b64                P_RemoveActivePlat
 .text          0x00030be8     0x1d84 build/p_pspr.o
                0x00030be8                P_SetPsprite
                0x00030cc0                P_CalcSwing
                0x00030d58                P_BringUpWeapon
                0x00030e60                P_CheckAmmo
                0x00031070                P_FireWeapon
                0x00031168                P_DropWeapon
                0x00031234                A_WeaponReady
                0x0003152c                A_ReFire
                0x00031668                A_CheckReload
                0x0003166c                A_Lower
                0x000317c4                A_Raise
                0x000318b0                A_GunFlash
                0x00031988                A_Punch
                0x00031a64                A_Saw
                0x00031bb0                A_FireMissile
                0x00031bf0                A_FireBFG
                0x00031c30                A_FirePlasma
                0x00031d34                P_BulletSlope
                0x00031de8                P_GunShot
                0x00031e6c                A_FirePistol
                0x00032050                A_FireShotgun
                0x00032234                A_FireShotgun2
                0x00032438                A_FireCGun
                0x00032694                A_Light0
                0x0003269c                A_Light1
                0x000326a8                A_Light2
                0x000326b4                A_BFGSpray
                0x000327ac                A_BFGsound
                0x000327b8                P_SetupPsprites
                0x000328bc                P_MovePsprites
 .text          0x0003296c     0x5efc build/p_saveg.o
                0x00032f8c                P_TempSaveGameFile
                0x00032fd8                P_SaveGameFile
                0x00033068                P_WriteSaveGameHeader
                0x00033488                P_ReadSaveGameHeader
                0x00033840                P_ReadSaveGameEOF
                0x000338c8                P_WriteSaveGameEOF
                0x00033940                P_ArchivePlayers
                0x00034634                P_UnArchivePlayers
                0x000353f4                P_ArchiveWorld
                0x00035e00                P_UnArchiveWorld
                0x00036858                P_ArchiveThinkers
                0x00036efc                P_UnArchiveThinkers
                0x00037560                P_ArchiveSpecials
                0x00037fc0                P_UnArchiveSpecials
 .text          0x00038868     0x1574 build/p_setup.o
                0x00038868                P_LoadVertexes
                0x0003891c                GetSectorAtNullAddress
                0x000389ac                P_LoadSegs
                0x00038c34                P_LoadSubsectors
                0x00038d10                P_LoadSectors
                0x00038e48                P_LoadNodes
                0x0003902c                P_LoadThings
                0x00039180                P_LoadLineDefs
                0x00039424                P_LoadSideDefs
                0x00039570                P_LoadBlockMap
                0x00039610                P_GroupLines
                0x00039930                P_SetupLevel
                0x00039db8                P_Init
 .text          0x00039ddc      0x870 build/p_sight.o
                0x00039ddc                P_DivlineSide
                0x00039e68                P_InterceptVector2
                0x00039f2c                P_CrossSubsector
                0x0003a338                P_CrossBSPNode
                0x0003a53c                P_CheckSight
 .text          0x0003a64c     0x14dc build/p_spec.o
                0x0003a64c                P_InitPicAnims
                0x0003a78c                getSide
                0x0003a7d4                getSector
                0x0003a820                twoSided
                0x0003a84c                getNextSector
                0x0003a878                P_FindLowestFloorSurrounding
                0x0003a8d0                P_FindHighestFloorSurrounding
                0x0003a930                P_FindNextHighestFloor
                0x0003aa88                P_FindLowestCeilingSurrounding
                0x0003aaf0                P_FindHighestCeilingSurrounding
                0x0003ab50                P_FindSectorFromLineTag
                0x0003aba0                P_FindMinSurroundingLight
                0x0003ac00                P_CrossSpecialLine
                0x0003b134                P_ShootSpecialLine
                0x0003b1dc                P_PlayerInSpecialSector
                0x0003b330                P_UpdateSpecials
                0x0003b568                EV_DoDonut
                0x0003b824                P_SpawnSpecials
 .text          0x0003bb28     0x110c build/p_switch.o
                0x0003bb28                P_InitSwitchList
                0x0003bc2c                P_StartButton
                0x0003bed8                P_ChangeSwitchTexture
                0x0003c654                P_UseSpecialLine
 .text          0x0003cc34      0x200 build/p_telept.o
                0x0003cc34                EV_Teleport
 .text          0x0003ce34      0x21c build/p_tick.o
                0x0003ce34                P_InitThinkers
                0x0003ce48                P_AddThinker
                0x0003ce68                P_RemoveThinker
                0x0003ce74                P_AllocateThinker
                0x0003ce78                P_RunThinkers
                0x0003cef4                P_Ticker
 .text          0x0003d050      0x758 build/p_user.o
                0x0003d050                P_Thrust
                0x0003d0d8                P_CalcHeight
                0x0003d25c                P_MovePlayer
                0x0003d3e0                P_DeathThink
                0x0003d4ec                P_PlayerThink
 .text          0x0003d7a8      0x8d8 build/r_bsp.o
                0x0003d7a8                R_ClearDrawSegs
                0x0003d7b8                R_ClipSolidWallSegment
                0x0003d8fc                R_ClipPassWallSegment
                0x0003d99c                R_ClearClipSegs
                0x0003d9d8                R_AddLine
                0x0003db48                R_CheckBBox
                0x0003dd28                R_Subsector
                0x0003df78                R_RenderBSPNode
 .text          0x0003e080     0x1528 build/r_data.o
                0x0003e080                R_DrawColumnInCache
                0x0003e154                R_GenerateComposite
                0x0003e3a8                R_GenerateLookup
                0x0003e5f8                R_GetColumn
                0x0003e6b4                R_InitTextures
                0x0003ed48                R_InitFlats
                0x0003edd4                R_InitSpriteLumps
                0x0003ef40                R_InitColormaps
                0x0003ef6c                R_InitData
                0x0003f030                R_FlatNumForName
                0x0003f0c8                R_CheckTextureNumForName
                0x0003f160                R_TextureNumForName
                0x0003f200                R_PrecacheLevel
 .text          0x0003f5a8      0xe98 build/r_draw.o
                0x0003f5a8                R_DrawColumn
                0x0003f68c                R_DrawColumnLow
                0x0003f780                R_DrawFuzzColumn
                0x0003f8a4                R_DrawFuzzColumnLow
                0x0003fa0c                R_DrawTranslatedColumn
                0x0003faf8                R_DrawTranslatedColumnLow
                0x0003fc28                R_InitTranslationTables
                0x0003fcd8                R_DrawSpan
                0x0003fe00                R_DrawSpanLow
                0x0003ff58                R_InitBuffer
                0x0003ffe4                R_FillBackScreen
                0x000402f4                R_VideoErase
                0x00040314                R_DrawViewBorder
 .text          0x00040440     0x11a0 build/r_main.o
                0x00040440                R_AddPointToBox
                0x00040474                R_PointOnSide
                0x0004054c                R_PointOnSegSide
                0x00040630                R_PointToAngle
                0x000407ec                R_PointToAngle2
                0x000409a8                R_PointToDist
                0x00040a50                R_InitPointToAngle
                0x00040a54                R_ScaleFromGlobalAngle
                0x00040b1c                R_InitTables
                0x00040b20                R_InitTextureMapping
                0x00040d54                R_InitLightTables
                0x00040e50                R_SetViewSize
                0x00040e64                R_ExecuteSetViewSize
                0x00041214                R_Init
                0x0004136c                R_PointInSubsector
                0x000414d4                R_SetupFrame
                0x00041598                R_RenderPlayerView
 .text          0x000415e0      0x8ec build/r_plane.o
                0x000415e0                R_InitPlanes
                0x000415e4                R_MapPlane
                0x000417d0                R_ClearPlanes
                0x000418ec                R_FindPlane
                0x000419dc                R_CheckPlane
                0x00041aa4                R_MakeSpans
                0x00041bf0                R_DrawPlanes
 .text          0x00041ecc      0xf5c build/r_segs.o
                0x00041ecc                R_RenderMaskedSegRange
                0x00042178                R_RenderSegLoop
                0x00042510                R_StoreWallRange
 .text          0x00042e28        0xc build/r_sky.o
                0x00042e28                R_InitSkyMap
 .text          0x00042e34     0x1684 build/r_things.o
                0x00042e34                R_InstallSpriteLump
                0x00043058                R_InitSpriteDefs
                0x00043424                R_InitSprites
                0x0004345c                R_ClearSprites
                0x0004346c                R_NewVisSprite
                0x00043494                R_DrawMaskedColumn
                0x000435e0                R_DrawVisSprite
                0x00043770                R_ProjectSprite
                0x00043b0c                R_AddSprites
                0x00043ba4                R_DrawPSprite
                0x00043df0                R_DrawPlayerSprites
                0x00043eb0                R_SortVisSprites
                0x00043f98                R_DrawSprite
                0x00044378                R_DrawMasked
 .text          0x000444b8     0x2154 build/sha1.o
                0x00045f1c                SHA1_Init
                0x00045f64                SHA1_Update
                0x000460dc                SHA1_Final
                0x00046410                SHA1_UpdateInt32
                0x000465cc                SHA1_UpdateString
 .text          0x0004660c       0x90 build/statdump.o
                0x0004660c                StatCopy
                0x00046698                StatDump
 .text          0x0004669c      0x5a8 build/st_lib.o
                0x0004669c                STlib_init
                0x000466c4                STlib_initNum
                0x000466e4                STlib_drawNum
                0x000468c8                STlib_updateNum
                0x000468dc                STlib_initPercent
                0x00046904                STlib_updatePercent
                0x00046978                STlib_initMultIcon
                0x00046998                STlib_updateMultIcon
                0x00046ae4                STlib_initBinIcon
                0x00046b00                STlib_updateBinIcon
 .text          0x00046c44     0x1e00 build/st_stuff.o
                0x000472cc                ST_refreshBackground
                0x00047348                ST_Responder
                0x00047950                ST_calcPainOffset
                0x0004799c                ST_updateFaceWidget
                0x00047f24                ST_updateWidgets
                0x000480b0                ST_Ticker
                0x000480e8                ST_doPaletteStuff
                0x00048220                ST_drawWidgets
                0x00048348                ST_doRefresh
                0x000483d4                ST_diffDraw
                0x000483dc                ST_Drawer
                0x000484a0                ST_loadGraphics
                0x000484a4                ST_loadData
                0x000484c8                ST_unloadGraphics
                0x000484cc                ST_unloadData
                0x000484d0                ST_initData
                0x00048580                ST_createWidgets
                0x000488d0                ST_Start
                0x000489c8                ST_Stop
                0x00048a04                ST_Init
 .text          0x00048a44      0xc18 build/s_sound.o
                0x00048a44                S_Shutdown
                0x00048bc8                S_Init
                0x00048cd8                S_StopSound
                0x00048d60                S_StartSound
                0x000490e0                S_PauseSound
                0x0004912c                S_ResumeSound
                0x00049174                S_UpdateSounds
                0x000492c8                S_SetMusicVolume
                0x00049318                S_SetSfxVolume
                0x00049368                S_ChangeMusic
                0x000494ac                S_Start
                0x000495f4                S_StartMusic
                0x000495fc                S_MusicPlaying
                0x00049600                S_StopMusic
 .text          0x0004965c       0x34 build/tables.o
                0x0004965c                SlopeDiv
 .text          0x00049690     0x1788 build/v_video.o
                0x00049690                V_MarkRect
                0x00049710                V_CopyRect
                0x0004985c                V_SetPatchClipCallback
                0x00049864                V_DrawPatch
                0x00049adc                V_DrawPatchFlipped
                0x00049d24                V_DrawPatchDirect
                0x00049d28                V_DrawTLPatch
                0x00049ed8                V_DrawXlaPatch
                0x0004a044                V_DrawAltTLPatch
                0x0004a1f4                V_DrawShadowedPatch
                0x0004a3bc                V_LoadTintTable
                0x0004a3e4                V_LoadXlaTable
                0x0004a40c                V_DrawBlock
                0x0004a524                V_DrawFilledBox
                0x0004a5a8                V_DrawHorizLine
                0x0004a5d0                V_DrawVertLine
                0x0004a608                V_DrawBox
                0x0004a720                V_DrawRawScreen
                0x0004a734                V_Init
                0x0004a738                V_UseBuffer
                0x0004a740                V_RestoreBuffer
                0x0004a74c                WritePCXfile
                0x0004a950                V_ScreenShot
                0x0004ab68                V_DrawMouseSpeedBox
 .text          0x0004ae18     0x5d60 build/wi_stuff.o
                0x0004bdd0                WI_slamBackground
                0x0004bde0                WI_Responder
                0x0004bde8                WI_drawLF
                0x0004bf78                WI_drawEL
                0x0004c040                WI_drawOnLnode
                0x0004c1b8                WI_initAnimatedBack
                0x0004c1d8                WI_updateAnimatedBack
                0x0004c1f8                WI_drawAnimatedBack
                0x0004c2dc                WI_drawNum
                0x0004c478                WI_drawPercent
                0x0004c598                WI_drawTime
                0x0004c778                WI_End
                0x0004c77c                WI_initNoState
                0x0004c794                WI_updateNoState
                0x0004c7f8                WI_initShowNextLoc
                0x0004c82c                WI_updateShowNextLoc
                0x0004c8a0                WI_drawShowNextLoc
                0x0004cb1c                WI_drawNoState
                0x0004cb28                WI_fragSum
                0x0004cc20                WI_initDeathmatchStats
                0x0004ce4c                WI_updateDeathmatchStats
                0x0004d960                WI_drawDeathmatchStats
                0x0004e288                WI_initNetgameStats
                0x0004e6a8                WI_updateNetgameStats
                0x0004f3d4                WI_drawNetgameStats
                0x0004fb94                WI_initStats
                0x0004fbec                WI_updateStats
                0x00050008                WI_drawStats
                0x00050434                WI_checkForAccelerate
                0x000505b4                WI_Ticker
                0x0005089c                WI_loadData
                0x00050914                WI_unloadData
                0x00050918                WI_Drawer
                0x00050958                WI_initVariables
                0x000509cc                WI_Start
 .text          0x00050b78      0x150 build/w_checksum.o
                0x00050b78                W_Checksum
 .text          0x00050cc8       0x50 build/w_file.o
                0x00050cc8                W_OpenFile
                0x00050d00                W_CloseFile
                0x00050d0c                W_Read
 .text          0x00050d18       0xbc build/w_main.o
                0x00050d18                W_ParseCommandLine
 .text          0x00050dd4     0x1148 build/w_wad.o
                0x00050dd4                W_LumpNameHash
                0x00050f80                W_AddFile
                0x000512a0                W_NumLumps
                0x000512a8                W_CheckNumForName
                0x0005156c                W_GetNumForName
                0x000515cc                W_LumpLength
                0x00051620                W_ReadLump
                0x000516d0                W_CacheLumpNum
                0x00051830                W_CacheLumpName
                0x000519b0                W_ReleaseLumpNum
                0x00051a30                W_ReleaseLumpName
                0x00051adc                W_GenerateHashTable
                0x00051d08                W_CheckCorrectIWAD
 .text          0x00051f1c      0x834 build/z_zone.o
                0x00051f1c                Z_ClearZone
                0x00051f5c                Z_Init
                0x00051fbc                Z_Free
                0x000520c4                Z_Malloc
                0x00052254                Z_FreeTags
                0x000522e0                Z_DumpHeap
                0x0005241c                Z_FileDumpHeap
                0x00052548                Z_CheckHeap
                0x00052620                Z_ChangeTag2
                0x000526b4                Z_ChangeUser
                0x00052704                Z_FreeMemory
                0x00052744                Z_ZoneSize
 .text          0x00052750       0xf4 build/w_file_stdc.o
                0x00052750                W_StdC_Read
 .text          0x00052844      0x144 build/i_input.o
                0x00052844                I_GetEvent
                0x00052984                I_InitInput
 .text          0x00052988      0x5a4 build/i_video.o
                0x00052988                cmap_to_rgb565
                0x000529ec                cmap_to_fb
                0x00052ab8                I_InitGraphics
                0x00052c28                I_ShutdownGraphics
                0x00052c30                I_StartFrame
                0x00052c34                I_StartTic
                0x00052c38                I_UpdateNoBlit
                0x00052c3c                I_FinishUpdate
                0x00052df0                I_ReadScreen
                0x00052e00                I_SetPalette
                0x00052e7c                I_GetPaletteIndex
                0x00052f08                I_BeginRead
                0x00052f0c                I_EndRead
                0x00052f10                I_SetWindowTitle
                0x00052f14                I_GraphicsCheckCommandLine
                0x00052f18                I_SetGrabMouseCallback
                0x00052f1c                I_EnableLoadingDisk
                0x00052f20                I_BindVideoVariables
                0x00052f24                I_DisplayFPSDots
                0x00052f28                I_CheckIsScreensaver
 .text          0x00052f2c       0x30 build/doomgeneric.o
                0x00052f2c                doomgeneric_Create
 .text          0x00052f5c       0x30 build/doomgeneric_riscvbox.o
                0x00052f5c                DG_Init
                0x00052f60                DG_DrawFrame
                0x00052f6c                DG_SleepMs
                0x00052f70                DG_GetTicksMs
                0x00052f80                DG_GetKey
                0x00052f88                DG_SetWindowTitle
 .text.atof     0x00052f8c        0x8 /opt/riscv/lib/gcc/riscv64-unknown-elf/13.2.0/../../../../riscv64-unknown-elf/lib/rv32ima_zicsr_zifencei/ilp32/libc.a(libc_a-atof.o)
                0x00052f8c                atof
 .text.atoi     0x00052f94        0xc /opt/riscv/lib/gcc/riscv64-unknown-elf/13.2.0/../../../../riscv64-unknown-elf/lib/rv32ima_zicsr_zifencei/ilp32/libc.a(libc_a-atoi.o)
                0x00052f94                atoi
 .text.calloc   0x00052fa0       0x14 /opt/riscv/lib/gcc/riscv64-unknown-elf/13.2.0/../../../../riscv64-unknown-elf/lib/rv32ima_zicsr_zifencei/ilp32/libc.a(libc_a-calloc.o)
                0x00052fa0                calloc
 .text._calloc_r
                0x00052fb4       0xe8 /opt/riscv/lib/gcc/riscv64-unknown-elf/13.2.0/../../../../riscv64-unknown-elf/lib/rv32ima_zicsr_zifencei/ilp32/libc.a(libc_a-callocr.o)
                0x00052fb4                _calloc_r
 .text.malloc   0x0005309c        0xc /opt/riscv/lib/gcc/riscv64-unknown-elf/13.2.0/../../../../riscv64-unknown-elf/lib/rv32ima_zicsr_zifencei/ilp32/libc.a(libc_a-malloc.o)
                0x0005309c                malloc
 .text.free     0x000530a8        0xc /opt/riscv/lib/gcc/riscv64-unknown-elf/13.2.0/../../../../riscv64-unknown-elf/lib/rv32ima_zicsr_zifencei/ilp32/libc.a(libc_a-malloc.o)
                0x000530a8                free
 .text._malloc_r
                0x000530b4      0x7c4 /opt/riscv/lib/gcc/riscv64-unknown-elf/13.2.0/../../../../riscv64-unknown-elf/lib/rv32ima_zicsr_zifencei/ilp32/libc.a(libc_a-mallocr.o)
                0x000530b4                _malloc_r
 .text.__malloc_lock
                0x00053878        0x4 /opt/riscv/lib/gcc/riscv64-unknown-elf/13.2.0/../../../../riscv64-unknown-elf/lib/rv32ima_zicsr_zifencei/ilp32/libc.a(libc_a-mlock.o)
                0x00053878                __malloc_lock
 .text.__malloc_unlock
                0x0005387c        0x4 /opt/riscv/lib/gcc/riscv64-unknown-elf/13.2.0/../../../../riscv64-unknown-elf/lib/rv32ima_zicsr_zifencei/ilp32/libc.a(libc_a-mlock.o)
                0x0005387c                __malloc_unlock
 .text.realloc  0x00053880       0x14 /opt/riscv/lib/gcc/riscv64-unknown-elf/13.2.0/../../../../riscv64-unknown-elf/lib/rv32ima_zicsr_zifencei/ilp32/libc.a(libc_a-realloc.o)
                0x00053880                realloc
 .text._realloc_r
                0x00053894      0x570 /opt/riscv/lib/gcc/riscv64-unknown-elf/13.2.0/../../../../riscv64-unknown-elf/lib/rv32ima_zicsr_zifencei/ilp32/libc.a(libc_a-reallocr.o)
                0x00053894                _realloc_r
 .text.sulp     0x00053e04       0x84 /opt/riscv/lib/gcc/riscv64-unknown-elf/13.2.0/../../../../riscv64-unknown-elf/lib/rv32ima_zicsr_zifencei/ilp32/libc.a(libc_a-strtod.o)
 .text._strtod_l
                0x00053e88     0x1604 /opt/riscv/lib/gcc/riscv64-unknown-elf/13.2.0/../../../../riscv64-unknown-elf/lib/rv32ima_zicsr_zifencei/ilp32/libc.a(libc_a-strtod.o)
                0x00053e88                _strtod_l
 .text._strtod_r
                0x0005548c        0xc /opt/riscv/lib/gcc/riscv64-unknown-elf/13.2.0/../../../../riscv64-unknown-elf/lib/rv32ima_zicsr_zifencei/ilp32/libc.a(libc_a-strtod.o)
                0x0005548c                _strtod_r
 .text.strtod   0x00055498       0x1c /opt/riscv/lib/gcc/riscv64-unknown-elf/13.2.0/../../../../riscv64-unknown-elf/lib/rv32ima_zicsr_zifencei/ilp32/libc.a(libc_a-strtod.o)
                0x00055498                strtod
 .text._strtol_l.isra.0
                0x000554b4      0x1e4 /opt/riscv/lib/gcc/riscv64-unknown-elf/13.2.0/../../../../riscv64-unknown-elf/lib/rv32ima_zicsr_zifencei/ilp32/libc.a(libc_a-strtol.o)
 .text._strtol_r
                0x00055698        0x4 /opt/riscv/lib/gcc/riscv64-unknown-elf/13.2.0/../../../../riscv64-unknown-elf/lib/rv32ima_zicsr_zifencei/ilp32/libc.a(libc_a-strtol.o)
                0x00055698                _strtol_r
 .text.strtol   0x0005569c       0x18 /opt/riscv/lib/gcc/riscv64-unknown-elf/13.2.0/../../../../riscv64-unknown-elf/lib/rv32ima_zicsr_zifencei/ilp32/libc.a(libc_a-strtol.o)
                0x0005569c                strtol
 .text.system   0x000556b4       0x30 /opt/riscv/lib/gcc/riscv64-unknown-elf/13.2.0/../../../../riscv64-unknown-elf/lib/rv32ima_zicsr_zifencei/ilp32/libc.a(libc_a-system.o)
                0x000556b4                system
 .text._vfprintf_r
                0x000556e4     0x2898 /opt/riscv/lib/gcc/riscv64-unknown-elf/13.2.0/../../../../riscv64-unknown-elf/lib/rv32ima_zicsr_zifencei/ilp32/libc.a(libc_a-vfprintf.o)
                0x000556e4                _vfprintf_r
 .text.vfprintf
                0x00057f7c       0x18 /opt/riscv/lib/gcc/riscv64-unknown-elf/13.2.0/../../../../riscv64-unknown-elf/lib/rv32ima_zicsr_zifencei/ilp32/libc.a(libc_a-vfprintf.o)
                0x00057f7c                vfprintf
 .text.__sbprintf
                0x00057f94       0xcc /opt/riscv/lib/gcc/riscv64-unknown-elf/13.2.0/../../../../riscv64-unknown-elf/lib/rv32ima_zicsr_zifencei/ilp32/libc.a(libc_a-vfprintf.o)
 .text.__sprint_r
                0x00058060       0x4c /opt/riscv/lib/gcc/riscv64-unknown-elf/13.2.0/../../../../riscv64-unknown-elf/lib/rv32ima_zicsr_zifencei/ilp32/libc.a(libc_a-sprint_r.o)
                0x00058060                __sprint_r
 .text._fclose_r
                0x000580ac      0x108 /opt/riscv/lib/gcc/riscv64-unknown-elf/13.2.0/../../../../riscv64-unknown-elf/lib/rv32ima_zicsr_zifencei/ilp32/libc.a(libc_a-fclose.o)
                0x000580ac                _fclose_r
 .text.fclose   0x000581b4        0xc /opt/riscv/lib/gcc/riscv64-unknown-elf/13.2.0/../../../../riscv64-unknown-elf/lib/rv32ima_zicsr_zifencei/ilp32/libc.a(libc_a-fclose.o)
                0x000581b4                fclose
 .text.__sflush_r
                0x000581c0      0x24c /opt/riscv/lib/gcc/riscv64-unknown-elf/13.2.0/../../../../riscv64-unknown-elf/lib/rv32ima_zicsr_zifencei/ilp32/libc.a(libc_a-fflush.o)
                0x000581c0                __sflush_r
 .text._fflush_r
                0x0005840c       0x5c /opt/riscv/lib/gcc/riscv64-unknown-elf/13.2.0/../../../../riscv64-unknown-elf/lib/rv32ima_zicsr_zifencei/ilp32/libc.a(libc_a-fflush.o)
                0x0005840c                _fflush_r
 .text.fflush   0x00058468       0x88 /opt/riscv/lib/gcc/riscv64-unknown-elf/13.2.0/../../../../riscv64-unknown-elf/lib/rv32ima_zicsr_zifencei/ilp32/libc.a(libc_a-fflush.o)
                0x00058468                fflush
 .text.stdio_exit_handler
                0x000584f0       0x1c /opt/riscv/lib/gcc/riscv64-unknown-elf/13.2.0/../../../../riscv64-unknown-elf/lib/rv32ima_zicsr_zifencei/ilp32/libc.a(libc_a-findfp.o)
 .text.cleanup_stdio
                0x0005850c       0x70 /opt/riscv/lib/gcc/riscv64-unknown-elf/13.2.0/../../../../riscv64-unknown-elf/lib/rv32ima_zicsr_zifencei/ilp32/libc.a(libc_a-findfp.o)
 .text.global_stdio_init.part.0
                0x0005857c      0x16c /opt/riscv/lib/gcc/riscv64-unknown-elf/13.2.0/../../../../riscv64-unknown-elf/lib/rv32ima_zicsr_zifencei/ilp32/libc.a(libc_a-findfp.o)
 .text.__sfp    0x000586e8      0x128 /opt/riscv/lib/gcc/riscv64-unknown-elf/13.2.0/../../../../riscv64-unknown-elf/lib/rv32ima_zicsr_zifencei/ilp32/libc.a(libc_a-findfp.o)
                0x000586e8                __sfp
 .text.__sinit  0x00058810       0x24 /opt/riscv/lib/gcc/riscv64-unknown-elf/13.2.0/../../../../riscv64-unknown-elf/lib/rv32ima_zicsr_zifencei/ilp32/libc.a(libc_a-findfp.o)
                0x00058810                __sinit
 .text.__sfp_lock_acquire
                0x00058834        0x4 /opt/riscv/lib/gcc/riscv64-unknown-elf/13.2.0/../../../../riscv64-unknown-elf/lib/rv32ima_zicsr_zifencei/ilp32/libc.a(libc_a-findfp.o)
                0x00058834                __sfp_lock_acquire
 .text.__sfp_lock_release
                0x00058838        0x4 /opt/riscv/lib/gcc/riscv64-unknown-elf/13.2.0/../../../../riscv64-unknown-elf/lib/rv32ima_zicsr_zifencei/ilp32/libc.a(libc_a-findfp.o)
                0x00058838                __sfp_lock_release
 .text._fopen_r
                0x0005883c      0x128 /opt/riscv/lib/gcc/riscv64-unknown-elf/13.2.0/../../../../riscv64-unknown-elf/lib/rv32ima_zicsr_zifencei/ilp32/libc.a(libc_a-fopen.o)
                0x0005883c                _fopen_r
 .text.fopen    0x00058964       0x14 /opt/riscv/lib/gcc/riscv64-unknown-elf/13.2.0/../../../../riscv64-unknown-elf/lib/rv32ima_zicsr_zifencei/ilp32/libc.a(libc_a-fopen.o)
                0x00058964                fopen
 .text.fprintf  0x00058978       0x4c /opt/riscv/lib/gcc/riscv64-unknown-elf/13.2.0/../../../../riscv64-unknown-elf/lib/rv32ima_zicsr_zifencei/ilp32/libc.a(libc_a-fprintf.o)
                0x00058978                fprintf
 .text._fread_r
                0x000589c4      0x2b4 /opt/riscv/lib/gcc/riscv64-unknown-elf/13.2.0/../../../../riscv64-unknown-elf/lib/rv32ima_zicsr_zifencei/ilp32/libc.a(libc_a-fread.o)
                0x000589c4                _fread_r
 .text.fread    0x00058c78       0x1c /opt/riscv/lib/gcc/riscv64-unknown-elf/13.2.0/../../../../riscv64-unknown-elf/lib/rv32ima_zicsr_zifencei/ilp32/libc.a(libc_a-fread.o)
                0x00058c78                fread
 .text._fseek_r
                0x00058c94        0x4 /opt/riscv/lib/gcc/riscv64-unknown-elf/13.2.0/../../../../riscv64-unknown-elf/lib/rv32ima_zicsr_zifencei/ilp32/libc.a(libc_a-fseek.o)
                0x00058c94                _fseek_r
 .text.fseek    0x00058c98       0x18 /opt/riscv/lib/gcc/riscv64-unknown-elf/13.2.0/../../../../riscv64-unknown-elf/lib/rv32ima_zicsr_zifencei/ilp32/libc.a(libc_a-fseek.o)
                0x00058c98                fseek
 .text.ftell    0x00058cb0        0xc /opt/riscv/lib/gcc/riscv64-unknown-elf/13.2.0/../../../../riscv64-unknown-elf/lib/rv32ima_zicsr_zifencei/ilp32/libc.a(libc_a-ftell.o)
                0x00058cb0                ftell
 .text.__sfvwrite_r
                0x00058cbc      0x510 /opt/riscv/lib/gcc/riscv64-unknown-elf/13.2.0/../../../../riscv64-unknown-elf/lib/rv32ima_zicsr_zifencei/ilp32/libc.a(libc_a-fvwrite.o)
                0x00058cbc                __sfvwrite_r
 .text._fwalk_sglue
                0x000591cc       0xb4 /opt/riscv/lib/gcc/riscv64-unknown-elf/13.2.0/../../../../riscv64-unknown-elf/lib/rv32ima_zicsr_zifencei/ilp32/libc.a(libc_a-fwalk.o)
                0x000591cc                _fwalk_sglue
 .text.fwrite   0x00059280       0xfc /opt/riscv/lib/gcc/riscv64-unknown-elf/13.2.0/../../../../riscv64-unknown-elf/lib/rv32ima_zicsr_zifencei/ilp32/libc.a(libc_a-fwrite.o)
                0x00059280                fwrite
 .text.printf   0x0005937c       0x4c /opt/riscv/lib/gcc/riscv64-unknown-elf/13.2.0/../../../../riscv64-unknown-elf/lib/rv32ima_zicsr_zifencei/ilp32/libc.a(libc_a-printf.o)
                0x0005937c                printf
 .text.putchar  0x000593c8       0x14 /opt/riscv/lib/gcc/riscv64-unknown-elf/13.2.0/../../../../riscv64-unknown-elf/lib/rv32ima_zicsr_zifencei/ilp32/libc.a(libc_a-putchar.o)
                0x000593c8                putchar
 .text._puts_r  0x000593dc       0xd8 /opt/riscv/lib/gcc/riscv64-unknown-elf/13.2.0/../../../../riscv64-unknown-elf/lib/rv32ima_zicsr_zifencei/ilp32/libc.a(libc_a-puts.o)
                0x000593dc                _puts_r
 .text.puts     0x000594b4        0xc /opt/riscv/lib/gcc/riscv64-unknown-elf/13.2.0/../../../../riscv64-unknown-elf/lib/rv32ima_zicsr_zifencei/ilp32/libc.a(libc_a-puts.o)
                0x000594b4                puts
 .text.lflush   0x000594c0       0x20 /opt/riscv/lib/gcc/riscv64-unknown-elf/13.2.0/../../../../riscv64-unknown-elf/lib/rv32ima_zicsr_zifencei/ilp32/libc.a(libc_a-refill.o)
 .text.__srefill_r
                0x000594e0      0x1c4 /opt/riscv/lib/gcc/riscv64-unknown-elf/13.2.0/../../../../riscv64-unknown-elf/lib/rv32ima_zicsr_zifencei/ilp32/libc.a(libc_a-refill.o)
                0x000594e0                __srefill_r
 .text.remove   0x000596a4       0x2c /opt/riscv/lib/gcc/riscv64-unknown-elf/13.2.0/../../../../riscv64-unknown-elf/lib/rv32ima_zicsr_zifencei/ilp32/libc.a(libc_a-remove.o)
                0x000596a4                remove
 .text.rename   0x000596d0       0x14 /opt/riscv/lib/gcc/riscv64-unknown-elf/13.2.0/../../../../riscv64-unknown-elf/lib/rv32ima_zicsr_zifencei/ilp32/libc.a(libc_a-rename.o)
                0x000596d0                rename
 .text.snprintf
                0x000596e4       0xf8 /opt/riscv/lib/gcc/riscv64-unknown-elf/13.2.0/../../../../riscv64-unknown-elf/lib/rv32ima_zicsr_zifencei/ilp32/libc.a(libc_a-snprintf.o)
                0x000596e4                snprintf
 .text.sscanf   0x000597dc       0x90 /opt/riscv/lib/gcc/riscv64-unknown-elf/13.2.0/../../../../riscv64-unknown-elf/lib/rv32ima_zicsr_zifencei/ilp32/libc.a(libc_a-sscanf.o)
                0x000597dc                sscanf
 .text.__sread  0x0005986c       0x5c /opt/riscv/lib/gcc/riscv64-unknown-elf/13.2.0/../../../../riscv64-unknown-elf/lib/rv32ima_zicsr_zifencei/ilp32/libc.a(libc_a-stdio.o)
                0x0005986c                __sread
 .text.__seofread
                0x000598c8        0x8 /opt/riscv/lib/gcc/riscv64-unknown-elf/13.2.0/../../../../riscv64-unknown-elf/lib/rv32ima_zicsr_zifencei/ilp32/libc.a(libc_a-stdio.o)
                0x000598c8                __seofread
 .text.__swrite
                0x000598d0       0x88 /opt/riscv/lib/gcc/riscv64-unknown-elf/13.2.0/../../../../riscv64-unknown-elf/lib/rv32ima_zicsr_zifencei/ilp32/libc.a(libc_a-stdio.o)
                0x000598d0                __swrite
 .text.__sseek  0x00059958       0x78 /opt/riscv/lib/gcc/riscv64-unknown-elf/13.2.0/../../../../riscv64-unknown-elf/lib/rv32ima_zicsr_zifencei/ilp32/libc.a(libc_a-stdio.o)
                0x00059958                __sseek
 .text.__sclose
                0x000599d0        0x8 /opt/riscv/lib/gcc/riscv64-unknown-elf/13.2.0/../../../../riscv64-unknown-elf/lib/rv32ima_zicsr_zifencei/ilp32/libc.a(libc_a-stdio.o)
                0x000599d0                __sclose
 .text.vsnprintf
                0x000599d8       0xd8 /opt/riscv/lib/gcc/riscv64-unknown-elf/13.2.0/../../../../riscv64-unknown-elf/lib/rv32ima_zicsr_zifencei/ilp32/libc.a(libc_a-vsnprintf.o)
                0x000599d8                vsnprintf
 .text.__swsetup_r
                0x00059ab0      0x140 /opt/riscv/lib/gcc/riscv64-unknown-elf/13.2.0/../../../../riscv64-unknown-elf/lib/rv32ima_zicsr_zifencei/ilp32/libc.a(libc_a-wsetup.o)
                0x00059ab0                __swsetup_r
 .text._fseeko_r
                0x00059bf0      0x464 /opt/riscv/lib/gcc/riscv64-unknown-elf/13.2.0/../../../../riscv64-unknown-elf/lib/rv32ima_zicsr_zifencei/ilp32/libc.a(libc_a-fseeko.o)
                0x00059bf0                _fseeko_r
 .text._ftello_r
                0x0005a054      0x114 /opt/riscv/lib/gcc/riscv64-unknown-elf/13.2.0/../../../../riscv64-unknown-elf/lib/rv32ima_zicsr_zifencei/ilp32/libc.a(libc_a-ftello.o)
                0x0005a054                _ftello_r
 .text.memchr   0x0005a168       0xc4 /opt/riscv/lib/gcc/riscv64-unknown-elf/13.2.0/../../../../riscv64-unknown-elf/lib/rv32ima_zicsr_zifencei/ilp32/libc.a(libc_a-memchr.o)
                0x0005a168                memchr
 .text.strcasecmp
                0x0005a22c       0x6c /opt/riscv/lib/gcc/riscv64-unknown-elf/13.2.0/../../../../riscv64-unknown-elf/lib/rv32ima_zicsr_zifencei/ilp32/libc.a(libc_a-strcasecmp.o)
                0x0005a22c                strcasecmp
 .text.strchr   0x0005a298      0x140 /opt/riscv/lib/gcc/riscv64-unknown-elf/13.2.0/../../../../riscv64-unknown-elf/lib/rv32ima_zicsr_zifencei/ilp32/libc.a(libc_a-strchr.o)
                0x0005a298                strchr
 .text.strdup   0x0005a3d8        0xc /opt/riscv/lib/gcc/riscv64-unknown-elf/13.2.0/../../../../riscv64-unknown-elf/lib/rv32ima_zicsr_zifencei/ilp32/libc.a(libc_a-strdup.o)
                0x0005a3d8                strdup
 .text._strdup_r
                0x0005a3e4       0x64 /opt/riscv/lib/gcc/riscv64-unknown-elf/13.2.0/../../../../riscv64-unknown-elf/lib/rv32ima_zicsr_zifencei/ilp32/libc.a(libc_a-strdup_r.o)
                0x0005a3e4                _strdup_r
 .text.strncasecmp
                0x0005a448       0x7c /opt/riscv/lib/gcc/riscv64-unknown-elf/13.2.0/../../../../riscv64-unknown-elf/lib/rv32ima_zicsr_zifencei/ilp32/libc.a(libc_a-strncasecmp.o)
                0x0005a448                strncasecmp
 .text.strncmp  0x0005a4c4       0xc8 /opt/riscv/lib/gcc/riscv64-unknown-elf/13.2.0/../../../../riscv64-unknown-elf/lib/rv32ima_zicsr_zifencei/ilp32/libc.a(libc_a-strncmp.o)
                0x0005a4c4                strncmp
 .text.strncpy  0x0005a58c       0xac /opt/riscv/lib/gcc/riscv64-unknown-elf/13.2.0/../../../../riscv64-unknown-elf/lib/rv32ima_zicsr_zifencei/ilp32/libc.a(libc_a-strncpy.o)
                0x0005a58c                strncpy
 .text.strrchr  0x0005a638       0x6c /opt/riscv/lib/gcc/riscv64-unknown-elf/13.2.0/../../../../riscv64-unknown-elf/lib/rv32ima_zicsr_zifencei/ilp32/libc.a(libc_a-strrchr.o)
                0x0005a638                strrchr
 .text.critical_factorization
                0x0005a6a4      0x128 /opt/riscv/lib/gcc/riscv64-unknown-elf/13.2.0/../../../../riscv64-unknown-elf/lib/rv32ima_zicsr_zifencei/ilp32/libc.a(libc_a-strstr.o)
 .text.two_way_long_needle
                0x0005a7cc      0x32c /opt/riscv/lib/gcc/riscv64-unknown-elf/13.2.0/../../../../riscv64-unknown-elf/lib/rv32ima_zicsr_zifencei/ilp32/libc.a(libc_a-strstr.o)
 .text.strstr   0x0005aaf8      0x2a8 /opt/riscv/lib/gcc/riscv64-unknown-elf/13.2.0/../../../../riscv64-unknown-elf/lib/rv32ima_zicsr_zifencei/ilp32/libc.a(libc_a-strstr.o)
                0x0005aaf8                strstr
 .text.__locale_mb_cur_max
                0x0005ada0        0xc /opt/riscv/lib/gcc/riscv64-unknown-elf/13.2.0/../../../../riscv64-unknown-elf/lib/rv32ima_zicsr_zifencei/ilp32/libc.a(libc_a-locale.o)
                0x0005ada0                __locale_mb_cur_max
 .text._localeconv_r
                0x0005adac        0xc /opt/riscv/lib/gcc/riscv64-unknown-elf/13.2.0/../../../../riscv64-unknown-elf/lib/rv32ima_zicsr_zifencei/ilp32/libc.a(libc_a-localeconv.o)
                0x0005adac                _localeconv_r
 .text._close_r
                0x0005adb8       0x5c /opt/riscv/lib/gcc/riscv64-unknown-elf/13.2.0/../../../../riscv64-unknown-elf/lib/rv32ima_zicsr_zifencei/ilp32/libc.a(libc_a-closer.o)
                0x0005adb8                _close_r
 .text._fstat_r
                0x0005ae14       0x64 /opt/riscv/lib/gcc/riscv64-unknown-elf/13.2.0/../../../../riscv64-unknown-elf/lib/rv32ima_zicsr_zifencei/ilp32/libc.a(libc_a-fstatr.o)
                0x0005ae14                _fstat_r
 .text._lseek_r
                0x0005ae78       0x68 /opt/riscv/lib/gcc/riscv64-unknown-elf/13.2.0/../../../../riscv64-unknown-elf/lib/rv32ima_zicsr_zifencei/ilp32/libc.a(libc_a-lseekr.o)
                0x0005ae78                _lseek_r
 .text._open_r  0x0005aee0       0x68 /opt/riscv/lib/gcc/riscv64-unknown-elf/13.2.0/../../../../riscv64-unknown-elf/lib/rv32ima_zicsr_zifencei/ilp32/libc.a(libc_a-openr.o)
                0x0005aee0                _open_r
 .text._read_r  0x0005af48       0x68 /opt/riscv/lib/gcc/riscv64-unknown-elf/13.2.0/../../../../riscv64-unknown-elf/lib/rv32ima_zicsr_zifencei/ilp32/libc.a(libc_a-readr.o)
                0x0005af48                _read_r
 .text._rename_r
                0x0005afb0       0x50 /opt/riscv/lib/gcc/riscv64-unknown-elf/13.2.0/../../../../riscv64-unknown-elf/lib/rv32ima_zicsr_zifencei/ilp32/libc.a(libc_a-renamer.o)
                0x0005afb0                _rename_r
 .text._sbrk_r  0x0005b000       0x5c /opt/riscv/lib/gcc/riscv64-unknown-elf/13.2.0/../../../../riscv64-unknown-elf/lib/rv32ima_zicsr_zifencei/ilp32/libc.a(libc_a-sbrkr.o)
                0x0005b000                _sbrk_r
 .text._unlink_r
                0x0005b05c       0x5c /opt/riscv/lib/gcc/riscv64-unknown-elf/13.2.0/../../../../riscv64-unknown-elf/lib/rv32ima_zicsr_zifencei/ilp32/libc.a(libc_a-unlinkr.o)
                0x0005b05c                _unlink_r
 .text._write_r
                0x0005b0b8       0x68 /opt/riscv/lib/gcc/riscv64-unknown-elf/13.2.0/../../../../riscv64-unknown-elf/lib/rv32ima_zicsr_zifencei/ilp32/libc.a(libc_a-writer.o)
                0x0005b0b8                _write_r
 .text.__errno  0x0005b120        0x8 /opt/riscv/lib/gcc/riscv64-unknown-elf/13.2.0/../../../../riscv64-unknown-elf/lib/rv32ima_zicsr_zifencei/ilp32/libc.a(libc_a-errno.o)
                0x0005b120                __errno
 .text.__libc_init_array
                0x0005b128       0x9c /opt/riscv/lib/gcc/riscv64-unknown-elf/13.2.0/../../../../riscv64-unknown-elf/lib/rv32ima_zicsr_zifencei/ilp32/libc.a(libc_a-init.o)
                0x0005b128                __libc_init_array
 .text.memmove  0x0005b1c4      0x10c /opt/riscv/lib/gcc/riscv64-unknown-elf/13.2.0/../../../../riscv64-unknown-elf/lib/rv32ima_zicsr_zifencei/ilp32/libc.a(libc_a-memmove-stub.o)
                0x0005b1c4                memmove
 .text          0x0005b2d0       0xdc /opt/riscv/lib/gcc/riscv64-unknown-elf/13.2.0/../../../../riscv64-unknown-elf/lib/rv32ima_zicsr_zifencei/ilp32/libc.a(libc_a-memset.o)
                0x0005b2d0                memset
 .text.memcpy   0x0005b3ac      0x1a4 /opt/riscv/lib/gcc/riscv64-unknown-elf/13.2.0/../../../../riscv64-unknown-elf/lib/rv32ima_zicsr_zifencei/ilp32/libc.a(libc_a-memcpy.o)
                0x0005b3ac                memcpy
 .text.strlen   0x0005b550       0x8c /opt/riscv/lib/gcc/riscv64-unknown-elf/13.2.0/../../../../riscv64-unknown-elf/lib/rv32ima_zicsr_zifencei/ilp32/libc.a(libc_a-strlen.o)
                0x0005b550                strlen
 .text          0x0005b5dc      0x17c /opt/riscv/lib/gcc/riscv64-unknown-elf/13.2.0/../../../../riscv64-unknown-elf/lib/rv32ima_zicsr_zifencei/ilp32/libc.a(libc_a-strcmp.o)
                0x0005b5dc                strcmp
 .text.nan      0x0005b758        0xc /opt/riscv/lib/gcc/riscv64-unknown-elf/13.2.0/../../../../riscv64-unknown-elf/lib/rv32ima_zicsr_zifencei/ilp32/libc.a(libm_a-s_nan.o)
                0x0005b758                nan
 .text.nanf     0x0005b764        0x8 /opt/riscv/lib/gcc/riscv64-unknown-elf/13.2.0/../../../../riscv64-unknown-elf/lib/rv32ima_zicsr_zifencei/ilp32/libc.a(libm_a-sf_nan.o)
                0x0005b764                nanf
 .text.frexpl   0x0005b76c      0x184 /opt/riscv/lib/gcc/riscv64-unknown-elf/13.2.0/../../../../riscv64-unknown-elf/lib/rv32ima_zicsr_zifencei/ilp32/libc.a(libm_a-frexpl.o)
                0x0005b76c                frexpl
 .text.__call_exitprocs
                0x0005b8f0      0x134 /opt/riscv/lib/gcc/riscv64-unknown-elf/13.2.0/../../../../riscv64-unknown-elf/lib/rv32ima_zicsr_zifencei/ilp32/libc.a(libc_a-__call_atexit.o)
                0x0005b8f0                __call_exitprocs
 .text.atexit   0x0005ba24       0x14 /opt/riscv/lib/gcc/riscv64-unknown-elf/13.2.0/../../../../riscv64-unknown-elf/lib/rv32ima_zicsr_zifencei/ilp32/libc.a(libc_a-atexit.o)
                0x0005ba24                atexit
 .text._malloc_trim_r
                0x0005ba38      0x140 /opt/riscv/lib/gcc/riscv64-unknown-elf/13.2.0/../../../../riscv64-unknown-elf/lib/rv32ima_zicsr_zifencei/ilp32/libc.a(libc_a-freer.o)
                0x0005ba38                _malloc_trim_r
 .text._free_r  0x0005bb78      0x304 /opt/riscv/lib/gcc/riscv64-unknown-elf/13.2.0/../../../../riscv64-unknown-elf/lib/rv32ima_zicsr_zifencei/ilp32/libc.a(libc_a-freer.o)
                0x0005bb78                _free_r
 .text.rshift   0x0005be7c       0xe4 /opt/riscv/lib/gcc/riscv64-unknown-elf/13.2.0/../../../../riscv64-unknown-elf/lib/rv32ima_zicsr_zifencei/ilp32/libc.a(libc_a-gdtoa-gethex.o)
 .text.__gethex
                0x0005bf60      0x850 /opt/riscv/lib/gcc/riscv64-unknown-elf/13.2.0/../../../../riscv64-unknown-elf/lib/rv32ima_zicsr_zifencei/ilp32/libc.a(libc_a-gdtoa-gethex.o)
                0x0005bf60                __gethex
 .text.__match  0x0005c7b0       0x44 /opt/riscv/lib/gcc/riscv64-unknown-elf/13.2.0/../../../../riscv64-unknown-elf/lib/rv32ima_zicsr_zifencei/ilp32/libc.a(libc_a-gdtoa-hexnan.o)
                0x0005c7b0                __match
 .text.__hexnan
                0x0005c7f4      0x278 /opt/riscv/lib/gcc/riscv64-unknown-elf/13.2.0/../../../../riscv64-unknown-elf/lib/rv32ima_zicsr_zifencei/ilp32/libc.a(libc_a-gdtoa-hexnan.o)
                0x0005c7f4                __hexnan
 .text._ldtoa_r
                0x0005ca6c      0x2a4 /opt/riscv/lib/gcc/riscv64-unknown-elf/13.2.0/../../../../riscv64-unknown-elf/lib/rv32ima_zicsr_zifencei/ilp32/libc.a(libc_a-gdtoa-ldtoa.o)
                0x0005ca6c                _ldtoa_r
 .text._ldcheck
                0x0005cd10      0x104 /opt/riscv/lib/gcc/riscv64-unknown-elf/13.2.0/../../../../riscv64-unknown-elf/lib/rv32ima_zicsr_zifencei/ilp32/libc.a(libc_a-gdtoa-ldtoa.o)
                0x0005cd10                _ldcheck
 .text.__gdtoa  0x0005ce14     0x1b88 /opt/riscv/lib/gcc/riscv64-unknown-elf/13.2.0/../../../../riscv64-unknown-elf/lib/rv32ima_zicsr_zifencei/ilp32/libc.a(libc_a-gdtoa-gdtoa.o)
                0x0005ce14                __gdtoa
 .text.__rv_alloc_D2A.part.0
                0x0005e99c       0x24 /opt/riscv/lib/gcc/riscv64-unknown-elf/13.2.0/../../../../riscv64-unknown-elf/lib/rv32ima_zicsr_zifencei/ilp32/libc.a(libc_a-gdtoa-dmisc.o)
 .text.__rv_alloc_D2A
                0x0005e9c0       0x6c /opt/riscv/lib/gcc/riscv64-unknown-elf/13.2.0/../../../../riscv64-unknown-elf/lib/rv32ima_zicsr_zifencei/ilp32/libc.a(libc_a-gdtoa-dmisc.o)
                0x0005e9c0                __rv_alloc_D2A
 .text.__nrv_alloc_D2A
                0x0005ea2c       0xb8 /opt/riscv/lib/gcc/riscv64-unknown-elf/13.2.0/../../../../riscv64-unknown-elf/lib/rv32ima_zicsr_zifencei/ilp32/libc.a(libc_a-gdtoa-dmisc.o)
                0x0005ea2c                __nrv_alloc_D2A
 .text.__freedtoa
                0x0005eae4       0x18 /opt/riscv/lib/gcc/riscv64-unknown-elf/13.2.0/../../../../riscv64-unknown-elf/lib/rv32ima_zicsr_zifencei/ilp32/libc.a(libc_a-gdtoa-dmisc.o)
                0x0005eae4                __freedtoa
 .text.__quorem_D2A
                0x0005eafc      0x1f8 /opt/riscv/lib/gcc/riscv64-unknown-elf/13.2.0/../../../../riscv64-unknown-elf/lib/rv32ima_zicsr_zifencei/ilp32/libc.a(libc_a-gdtoa-dmisc.o)
                0x0005eafc                __quorem_D2A
 .text.__rshift_D2A
                0x0005ecf4       0xe4 /opt/riscv/lib/gcc/riscv64-unknown-elf/13.2.0/../../../../riscv64-unknown-elf/lib/rv32ima_zicsr_zifencei/ilp32/libc.a(libc_a-gdtoa-gmisc.o)
                0x0005ecf4                __rshift_D2A
 .text.__trailz_D2A
                0x0005edd8       0x64 /opt/riscv/lib/gcc/riscv64-unknown-elf/13.2.0/../../../../riscv64-unknown-elf/lib/rv32ima_zicsr_zifencei/ilp32/libc.a(libc_a-gdtoa-gmisc.o)
                0x0005edd8                __trailz_D2A
 .text.__ascii_mbtowc
                0x0005ee3c       0x68 /opt/riscv/lib/gcc/riscv64-unknown-elf/13.2.0/../../../../riscv64-unknown-elf/lib/rv32ima_zicsr_zifencei/ilp32/libc.a(libc_a-mbtowc_r.o)
                0x0005ee3c                __ascii_mbtowc
 .text._Balloc  0x0005eea4       0xb4 /opt/riscv/lib/gcc/riscv64-unknown-elf/13.2.0/../../../../riscv64-unknown-elf/lib/rv32ima_zicsr_zifencei/ilp32/libc.a(libc_a-mprec.o)
                0x0005eea4                _Balloc
 .text._Bfree   0x0005ef58       0x24 /opt/riscv/lib/gcc/riscv64-unknown-elf/13.2.0/../../../../riscv64-unknown-elf/lib/rv32ima_zicsr_zifencei/ilp32/libc.a(libc_a-mprec.o)
                0x0005ef58                _Bfree
 .text.__multadd
                0x0005ef7c      0x14c /opt/riscv/lib/gcc/riscv64-unknown-elf/13.2.0/../../../../riscv64-unknown-elf/lib/rv32ima_zicsr_zifencei/ilp32/libc.a(libc_a-mprec.o)
                0x0005ef7c                __multadd
 .text.__s2b    0x0005f0c8      0x138 /opt/riscv/lib/gcc/riscv64-unknown-elf/13.2.0/../../../../riscv64-unknown-elf/lib/rv32ima_zicsr_zifencei/ilp32/libc.a(libc_a-mprec.o)
                0x0005f0c8                __s2b
 .text.__hi0bits
                0x0005f200       0x78 /opt/riscv/lib/gcc/riscv64-unknown-elf/13.2.0/../../../../riscv64-unknown-elf/lib/rv32ima_zicsr_zifencei/ilp32/libc.a(libc_a-mprec.o)
                0x0005f200                __hi0bits
 .text.__lo0bits
                0x0005f278       0xe0 /opt/riscv/lib/gcc/riscv64-unknown-elf/13.2.0/../../../../riscv64-unknown-elf/lib/rv32ima_zicsr_zifencei/ilp32/libc.a(libc_a-mprec.o)
                0x0005f278                __lo0bits
 .text.__i2b    0x0005f358       0xb0 /opt/riscv/lib/gcc/riscv64-unknown-elf/13.2.0/../../../../riscv64-unknown-elf/lib/rv32ima_zicsr_zifencei/ilp32/libc.a(libc_a-mprec.o)
                0x0005f358                __i2b
 .text.__multiply
                0x0005f408      0x234 /opt/riscv/lib/gcc/riscv64-unknown-elf/13.2.0/../../../../riscv64-unknown-elf/lib/rv32ima_zicsr_zifencei/ilp32/libc.a(libc_a-mprec.o)
                0x0005f408                __multiply
 .text.__pow5mult
                0x0005f63c      0x150 /opt/riscv/lib/gcc/riscv64-unknown-elf/13.2.0/../../../../riscv64-unknown-elf/lib/rv32ima_zicsr_zifencei/ilp32/libc.a(libc_a-mprec.o)
                0x0005f63c                __pow5mult
 .text.__lshift
                0x0005f78c      0x190 /opt/riscv/lib/gcc/riscv64-unknown-elf/13.2.0/../../../../riscv64-unknown-elf/lib/rv32ima_zicsr_zifencei/ilp32/libc.a(libc_a-mprec.o)
                0x0005f78c                __lshift
 .text.__mcmp   0x0005f91c       0x58 /opt/riscv/lib/gcc/riscv64-unknown-elf/13.2.0/../../../../riscv64-unknown-elf/lib/rv32ima_zicsr_zifencei/ilp32/libc.a(libc_a-mprec.o)
                0x0005f91c                __mcmp
 .text.__mdiff  0x0005f974      0x260 /opt/riscv/lib/gcc/riscv64-unknown-elf/13.2.0/../../../../riscv64-unknown-elf/lib/rv32ima_zicsr_zifencei/ilp32/libc.a(libc_a-mprec.o)
                0x0005f974                __mdiff
 .text.__ulp    0x0005fbd4       0x68 /opt/riscv/lib/gcc/riscv64-unknown-elf/13.2.0/../../../../riscv64-unknown-elf/lib/rv32ima_zicsr_zifencei/ilp32/libc.a(libc_a-mprec.o)
                0x0005fbd4                __ulp
 .text.__b2d    0x0005fc3c      0x11c /opt/riscv/lib/gcc/riscv64-unknown-elf/13.2.0/../../../../riscv64-unknown-elf/lib/rv32ima_zicsr_zifencei/ilp32/libc.a(libc_a-mprec.o)
                0x0005fc3c                __b2d
 .text.__d2b    0x0005fd58      0x158 /opt/riscv/lib/gcc/riscv64-unknown-elf/13.2.0/../../../../riscv64-unknown-elf/lib/rv32ima_zicsr_zifencei/ilp32/libc.a(libc_a-mprec.o)
                0x0005fd58                __d2b
 .text.__ratio  0x0005feb0       0xa8 /opt/riscv/lib/gcc/riscv64-unknown-elf/13.2.0/../../../../riscv64-unknown-elf/lib/rv32ima_zicsr_zifencei/ilp32/libc.a(libc_a-mprec.o)
                0x0005feb0                __ratio
 .text.__copybits
                0x0005ff58       0x68 /opt/riscv/lib/gcc/riscv64-unknown-elf/13.2.0/../../../../riscv64-unknown-elf/lib/rv32ima_zicsr_zifencei/ilp32/libc.a(libc_a-mprec.o)
                0x0005ff58                __copybits
 .text.__any_on
                0x0005ffc0       0x64 /opt/riscv/lib/gcc/riscv64-unknown-elf/13.2.0/../../../../riscv64-unknown-elf/lib/rv32ima_zicsr_zifencei/ilp32/libc.a(libc_a-mprec.o)
                0x0005ffc0                __any_on
 .text.__ascii_wctomb
                0x00060024       0x30 /opt/riscv/lib/gcc/riscv64-unknown-elf/13.2.0/../../../../riscv64-unknown-elf/lib/rv32ima_zicsr_zifencei/ilp32/libc.a(libc_a-wctomb_r.o)
                0x00060024                __ascii_wctomb
 .text._svfprintf_r
                0x00060054     0x2864 /opt/riscv/lib/gcc/riscv64-unknown-elf/13.2.0/../../../../riscv64-unknown-elf/lib/rv32ima_zicsr_zifencei/ilp32/libc.a(libc_a-svfprintf.o)
                0x00060054                _svfprintf_r
 .text.__ssvfscanf_r
                0x000628b8     0x2fb0 /opt/riscv/lib/gcc/riscv64-unknown-elf/13.2.0/../../../../riscv64-unknown-elf/lib/rv32ima_zicsr_zifencei/ilp32/libc.a(libc_a-svfscanf.o)
                0x000628b8                __ssvfscanf_r
 .text.__ssprint_r
                0x00065868       0xf0 /opt/riscv/lib/gcc/riscv64-unknown-elf/13.2.0/../../../../riscv64-unknown-elf/lib/rv32ima_zicsr_zifencei/ilp32/libc.a(libc_a-ssprint_r.o)
                0x00065868                __ssprint_r
 .text.__sflags
                0x00065958       0xac /opt/riscv/lib/gcc/riscv64-unknown-elf/13.2.0/../../../../riscv64-unknown-elf/lib/rv32ima_zicsr_zifencei/ilp32/libc.a(libc_a-flags.o)
                0x00065958                __sflags
 .text.__smakebuf_r
                0x00065a04      0x198 /opt/riscv/lib/gcc/riscv64-unknown-elf/13.2.0/../../../../riscv64-unknown-elf/lib/rv32ima_zicsr_zifencei/ilp32/libc.a(libc_a-makebuf.o)
                0x00065a04                __smakebuf_r
 .text._putc_r  0x00065b9c       0x90 /opt/riscv/lib/gcc/riscv64-unknown-elf/13.2.0/../../../../riscv64-unknown-elf/lib/rv32ima_zicsr_zifencei/ilp32/libc.a(libc_a-putc.o)
                0x00065b9c                _putc_r
 .text.__sccl   0x00065c2c       0xe4 /opt/riscv/lib/gcc/riscv64-unknown-elf/13.2.0/../../../../riscv64-unknown-elf/lib/rv32ima_zicsr_zifencei/ilp32/libc.a(libc_a-sccl.o)
                0x00065c2c                __sccl
 .text.sprintf  0x00065d10       0x7c /opt/riscv/lib/gcc/riscv64-unknown-elf/13.2.0/../../../../riscv64-unknown-elf/lib/rv32ima_zicsr_zifencei/ilp32/libc.a(libc_a-sprintf.o)
                0x00065d10                sprintf
 .text.__swbuf_r
                0x00065d8c      0x160 /opt/riscv/lib/gcc/riscv64-unknown-elf/13.2.0/../../../../riscv64-unknown-elf/lib/rv32ima_zicsr_zifencei/ilp32/libc.a(libc_a-wbuf.o)
                0x00065d8c                __swbuf_r
 .text.memcmp   0x00065eec       0x7c /opt/riscv/lib/gcc/riscv64-unknown-elf/13.2.0/../../../../riscv64-unknown-elf/lib/rv32ima_zicsr_zifencei/ilp32/libc.a(libc_a-memcmp.o)
                0x00065eec                memcmp
 .text.strnlen  0x00065f68       0x38 /opt/riscv/lib/gcc/riscv64-unknown-elf/13.2.0/../../../../riscv64-unknown-elf/lib/rv32ima_zicsr_zifencei/ilp32/libc.a(libc_a-strnlen.o)
                0x00065f68                strnlen
 .text._isatty_r
                0x00065fa0       0x5c /opt/riscv/lib/gcc/riscv64-unknown-elf/13.2.0/../../../../riscv64-unknown-elf/lib/rv32ima_zicsr_zifencei/ilp32/libc.a(libc_a-isattyr.o)
                0x00065fa0                _isatty_r
 .text._link_r  0x00065ffc       0x64 /opt/riscv/lib/gcc/riscv64-unknown-elf/13.2.0/../../../../riscv64-unknown-elf/lib/rv32ima_zicsr_zifencei/ilp32/libc.a(libc_a-linkr.o)
                0x00065ffc                _link_r
 .text.__libc_fini_array
                0x00066060       0x5c /opt/riscv/lib/gcc/riscv64-unknown-elf/13.2.0/../../../../riscv64-unknown-elf/lib/rv32ima_zicsr_zifencei/ilp32/libc.a(libc_a-fini.o)
                0x00066060                __libc_fini_array
 .text.__register_exitproc
                0x000660bc       0x9c /opt/riscv/lib/gcc/riscv64-unknown-elf/13.2.0/../../../../riscv64-unknown-elf/lib/rv32ima_zicsr_zifencei/ilp32/libc.a(libc_a-__atexit.o)
                0x000660bc                __register_exitproc
 .text.__assert_func
                0x00066158       0x54 /opt/riscv/lib/gcc/riscv64-unknown-elf/13.2.0/../../../../riscv64-unknown-elf/lib/rv32ima_zicsr_zifencei/ilp32/libc.a(libc_a-assert.o)
                0x00066158                __assert_func
 .text._strtoul_l.isra.0
                0x000661ac      0x1c0 /opt/riscv/lib/gcc/riscv64-unknown-elf/13.2.0/../../../../riscv64-unknown-elf/lib/rv32ima_zicsr_zifencei/ilp32/libc.a(libc_a-strtoul.o)
 .text._strtoul_r
                0x0006636c        0x4 /opt/riscv/lib/gcc/riscv64-unknown-elf/13.2.0/../../../../riscv64-unknown-elf/lib/rv32ima_zicsr_zifencei/ilp32/libc.a(libc_a-strtoul.o)
                0x0006636c                _strtoul_r
 .text._strtold_r
                0x00066370       0x68 /opt/riscv/lib/gcc/riscv64-unknown-elf/13.2.0/../../../../riscv64-unknown-elf/lib/rv32ima_zicsr_zifencei/ilp32/libc.a(libc_a-strtold.o)
                0x00066370                _strtold_r
 .text.ULtox    0x000663d8       0xe8 /opt/riscv/lib/gcc/riscv64-unknown-elf/13.2.0/../../../../riscv64-unknown-elf/lib/rv32ima_zicsr_zifencei/ilp32/libc.a(libc_a-strtorx.o)
                0x000663d8                ULtox
 .text._strtorx_l
                0x000664c0       0x98 /opt/riscv/lib/gcc/riscv64-unknown-elf/13.2.0/../../../../riscv64-unknown-elf/lib/rv32ima_zicsr_zifencei/ilp32/libc.a(libc_a-strtorx.o)
                0x000664c0                _strtorx_l
 .text._strtoll_l.isra.0
                0x00066558      0x2bc /opt/riscv/lib/gcc/riscv64-unknown-elf/13.2.0/../../../../riscv64-unknown-elf/lib/rv32ima_zicsr_zifencei/ilp32/libc.a(libc_a-strtoll.o)
 .text._strtoll_r
                0x00066814        0x4 /opt/riscv/lib/gcc/riscv64-unknown-elf/13.2.0/../../../../riscv64-unknown-elf/lib/rv32ima_zicsr_zifencei/ilp32/libc.a(libc_a-strtoll.o)
                0x00066814                _strtoll_r
 .text._strtoull_l.isra.0
                0x00066818      0x2c4 /opt/riscv/lib/gcc/riscv64-unknown-elf/13.2.0/../../../../riscv64-unknown-elf/lib/rv32ima_zicsr_zifencei/ilp32/libc.a(libc_a-strtoull.o)
 .text._strtoull_r
                0x00066adc        0x4 /opt/riscv/lib/gcc/riscv64-unknown-elf/13.2.0/../../../../riscv64-unknown-elf/lib/rv32ima_zicsr_zifencei/ilp32/libc.a(libc_a-strtoull.o)
                0x00066adc                _strtoull_r
 .text._mbrtowc_r
                0x00066ae0       0x80 /opt/riscv/lib/gcc/riscv64-unknown-elf/13.2.0/../../../../riscv64-unknown-elf/lib/rv32ima_zicsr_zifencei/ilp32/libc.a(libc_a-mbrtowc.o)
                0x00066ae0                _mbrtowc_r
 .text.iswspace
                0x00066b60        0x8 /opt/riscv/lib/gcc/riscv64-unknown-elf/13.2.0/../../../../riscv64-unknown-elf/lib/rv32ima_zicsr_zifencei/ilp32/libc.a(libc_a-iswspace.o)
                0x00066b60                iswspace
 .text.iswspace_l
                0x00066b68       0x28 /opt/riscv/lib/gcc/riscv64-unknown-elf/13.2.0/../../../../riscv64-unknown-elf/lib/rv32ima_zicsr_zifencei/ilp32/libc.a(libc_a-iswspace_l.o)
                0x00066b68                iswspace_l
 .text.fiprintf
                0x00066b90       0x4c /opt/riscv/lib/gcc/riscv64-unknown-elf/13.2.0/../../../../riscv64-unknown-elf/lib/rv32ima_zicsr_zifencei/ilp32/libc.a(libc_a-fiprintf.o)
                0x00066b90                fiprintf
 .text._sungetc_r
                0x00066bdc      0x118 /opt/riscv/lib/gcc/riscv64-unknown-elf/13.2.0/../../../../riscv64-unknown-elf/lib/rv32ima_zicsr_zifencei/ilp32/libc.a(libc_a-svfiscanf.o)
                0x00066bdc                _sungetc_r
 .text.__ssrefill_r
                0x00066cf4       0x6c /opt/riscv/lib/gcc/riscv64-unknown-elf/13.2.0/../../../../riscv64-unknown-elf/lib/rv32ima_zicsr_zifencei/ilp32/libc.a(libc_a-svfiscanf.o)
                0x00066cf4                __ssrefill_r
 .text._sfread_r